Component: ARM Compiler 5.06 update 6 (build 750) Tool: armlink [4d35ed]

==============================================================================

Section Cross References

    startup_stm32f103xe.o(STACK) refers (Special) to heapauxi.o(.text) for __use_two_region_memory
    startup_stm32f103xe.o(HEAP) refers (Special) to heapauxi.o(.text) for __use_two_region_memory
    startup_stm32f103xe.o(RESET) refers (Special) to heapauxi.o(.text) for __use_two_region_memory
    startup_stm32f103xe.o(RESET) refers to startup_stm32f103xe.o(STACK) for __initial_sp
    startup_stm32f103xe.o(RESET) refers to startup_stm32f103xe.o(.text) for Reset_Handler
    startup_stm32f103xe.o(RESET) refers to stm32f1xx_it.o(i.NMI_Handler) for NMI_Handler
    startup_stm32f103xe.o(RESET) refers to stm32f1xx_it.o(i.HardFault_Handler) for HardFault_Handler
    startup_stm32f103xe.o(RESET) refers to stm32f1xx_it.o(i.MemManage_Handler) for MemManage_Handler
    startup_stm32f103xe.o(RESET) refers to stm32f1xx_it.o(i.BusFault_Handler) for BusFault_Handler
    startup_stm32f103xe.o(RESET) refers to stm32f1xx_it.o(i.UsageFault_Handler) for UsageFault_Handler
    startup_stm32f103xe.o(RESET) refers to stm32f1xx_it.o(i.SVC_Handler) for SVC_Handler
    startup_stm32f103xe.o(RESET) refers to stm32f1xx_it.o(i.DebugMon_Handler) for DebugMon_Handler
    startup_stm32f103xe.o(RESET) refers to stm32f1xx_it.o(i.PendSV_Handler) for PendSV_Handler
    startup_stm32f103xe.o(RESET) refers to stm32f1xx_it.o(i.SysTick_Handler) for SysTick_Handler
    startup_stm32f103xe.o(RESET) refers to stm32f1xx_it.o(i.RCC_IRQHandler) for RCC_IRQHandler
    startup_stm32f103xe.o(RESET) refers to stm32f1xx_it.o(i.USB_HP_CAN1_TX_IRQHandler) for USB_HP_CAN1_TX_IRQHandler
    startup_stm32f103xe.o(RESET) refers to stm32f1xx_it.o(i.USB_LP_CAN1_RX0_IRQHandler) for USB_LP_CAN1_RX0_IRQHandler
    startup_stm32f103xe.o(RESET) refers to stm32f1xx_it.o(i.CAN1_RX1_IRQHandler) for CAN1_RX1_IRQHandler
    startup_stm32f103xe.o(RESET) refers to stm32f1xx_it.o(i.CAN1_SCE_IRQHandler) for CAN1_SCE_IRQHandler
    startup_stm32f103xe.o(RESET) refers to stm32f1xx_it.o(i.TIM1_BRK_IRQHandler) for TIM1_BRK_IRQHandler
    startup_stm32f103xe.o(RESET) refers to stm32f1xx_it.o(i.TIM1_UP_IRQHandler) for TIM1_UP_IRQHandler
    startup_stm32f103xe.o(RESET) refers to stm32f1xx_it.o(i.TIM1_TRG_COM_IRQHandler) for TIM1_TRG_COM_IRQHandler
    startup_stm32f103xe.o(RESET) refers to stm32f1xx_it.o(i.TIM1_CC_IRQHandler) for TIM1_CC_IRQHandler
    startup_stm32f103xe.o(RESET) refers to stm32f1xx_it.o(i.TIM3_IRQHandler) for TIM3_IRQHandler
    startup_stm32f103xe.o(.text) refers (Special) to heapauxi.o(.text) for __use_two_region_memory
    startup_stm32f103xe.o(.text) refers to system_stm32f1xx.o(i.SystemInit) for SystemInit
    startup_stm32f103xe.o(.text) refers to __main.o(!!!main) for __main
    startup_stm32f103xe.o(.text) refers to startup_stm32f103xe.o(HEAP) for Heap_Mem
    startup_stm32f103xe.o(.text) refers to startup_stm32f103xe.o(STACK) for Stack_Mem
    main.o(i.PID_ACalc) refers to faddsub_clz.o(x$fpl$fsub) for __aeabi_fsub
    main.o(i.PID_ACalc) refers to fmul.o(x$fpl$fmul) for __aeabi_fmul
    main.o(i.PID_ACalc) refers to faddsub_clz.o(x$fpl$fadd) for __aeabi_fadd
    main.o(i.PID_ACalc) refers to fdiv.o(x$fpl$fdiv) for __aeabi_fdiv
    main.o(i.PID_ACalc) refers to main.o(.bss) for .bss
    main.o(i.PID_VCalc) refers to faddsub_clz.o(x$fpl$fsub) for __aeabi_fsub
    main.o(i.PID_VCalc) refers to fmul.o(x$fpl$fmul) for __aeabi_fmul
    main.o(i.PID_VCalc) refers to faddsub_clz.o(x$fpl$fadd) for __aeabi_fadd
    main.o(i.PID_VCalc) refers to fdiv.o(x$fpl$fdiv) for __aeabi_fdiv
    main.o(i.PID_VCalc) refers to main.o(.bss) for .bss
    main.o(i.SystemClock_Config) refers to rt_memclr_w.o(.text) for __aeabi_memclr4
    main.o(i.SystemClock_Config) refers to stm32f1xx_hal_rcc.o(i.HAL_RCC_OscConfig) for HAL_RCC_OscConfig
    main.o(i.SystemClock_Config) refers to stm32f1xx_hal_rcc.o(i.HAL_RCC_ClockConfig) for HAL_RCC_ClockConfig
    main.o(i.main) refers to stm32f1xx_hal.o(i.HAL_Init) for HAL_Init
    main.o(i.main) refers to main.o(i.SystemClock_Config) for SystemClock_Config
    main.o(i.main) refers to gpio.o(i.MX_GPIO_Init) for MX_GPIO_Init
    main.o(i.main) refers to can.o(i.MX_CAN_Init) for MX_CAN_Init
    main.o(i.main) refers to tim.o(i.MX_TIM1_Init) for MX_TIM1_Init
    main.o(i.main) refers to tim.o(i.MX_TIM3_Init) for MX_TIM3_Init
    main.o(i.main) refers to bsp_dwt.o(i.DWT_Init) for DWT_Init
    main.o(i.main) refers to motor_simulation.o(i.Motor_Object_Init) for Motor_Object_Init
    main.o(i.main) refers to main.o(i.pidv_Init) for pidv_Init
    main.o(i.main) refers to main.o(i.pida_Init) for pida_Init
    main.o(i.main) refers to bsp_dwt.o(i.DWT_GetDeltaT) for DWT_GetDeltaT
    main.o(i.main) refers to faddsub_clz.o(x$fpl$fadd) for __aeabi_fadd
    main.o(i.main) refers to motor_simulation.o(i.Get_Motor_Current) for Get_Motor_Current
[...]
    ..\Drivers\STM32F1xx_HAL_Driver\Src\stm32f1xx_hal_gpio.c 0x00000000   Number         0  stm32f1xx_hal_gpio.o ABSOLUTE
    ..\Drivers\STM32F1xx_HAL_Driver\Src\stm32f1xx_hal_gpio_ex.c 0x00000000   Number         0  stm32f1xx_hal_gpio_ex.o ABSOLUTE
    ..\Drivers\STM32F1xx_HAL_Driver\Src\stm32f1xx_hal_pwr.c 0x00000000   Number         0  stm32f1xx_hal_pwr.o ABSOLUTE
    ..\Drivers\STM32F1xx_HAL_Driver\Src\stm32f1xx_hal_rcc.c 0x00000000   Number         0  stm32f1xx_hal_rcc.o ABSOLUTE
    ..\Drivers\STM32F1xx_HAL_Driver\Src\stm32f1xx_hal_rcc_ex.c 0x00000000   Number         0  stm32f1xx_hal_rcc_ex.o ABSOLUTE
    ..\Drivers\STM32F1xx_HAL_Driver\Src\stm32f1xx_hal_tim.c 0x00000000   Number         0  stm32f1xx_hal_tim.o ABSOLUTE
    ..\Drivers\STM32F1xx_HAL_Driver\Src\stm32f1xx_hal_tim_ex.c 0x00000000   Number         0  stm32f1xx_hal_tim_ex.o ABSOLUTE
    ..\Motor\motor_simulation.c              0x00000000   Number         0  motor_simulation.o ABSOLUTE
    ..\\Bsp\\bsp_dwt.c                       0x00000000   Number         0  bsp_dwt.o ABSOLUTE
    dc.s                                     0x00000000   Number         0  dc.o ABSOLUTE
    startup_stm32f103xe.s                    0x00000000   Number         0  startup_stm32f103xe.o ABSOLUTE
    RESET                                    0x08000000   Section      304  startup_stm32f103xe.o(RESET)
    !!!main                                  0x08000130   Section        8  __main.o(!!!main)
    !!!scatter                               0x08000138   Section       52  __scatter.o(!!!scatter)
    !!handler_copy                           0x0800016c   Section       26  __scatter_copy.o(!!handler_copy)
    !!handler_zi                             0x08000188   Section       28  __scatter_zi.o(!!handler_zi)
    .ARM.Collect$$libinit$$00000000          0x080001a4   Section        2  libinit.o(.ARM.Collect$$libinit$$00000000)
    .ARM.Collect$$libinit$$00000002          0x080001a6   Section        0  libinit2.o(.ARM.Collect$$libinit$$00000002)
    .ARM.Collect$$libinit$$00000004          0x080001a6   Section        0  libinit2.o(.ARM.Collect$$libinit$$00000004)
    .ARM.Collect$$libinit$$0000000A          0x080001a6   Section        0  libinit2.o(.ARM.Collect$$libinit$$0000000A)
    .ARM.Collect$$libinit$$0000000C          0x080001a6   Section        0  libinit2.o(.ARM.Collect$$libinit$$0000000C)
    .ARM.Collect$$libinit$$0000000D          0x080001a6   Section        4  libinit2.o(.ARM.Collect$$libinit$$0000000D)
    .ARM.Collect$$libinit$$0000000E          0x080001aa   Section        0  libinit2.o(.ARM.Collect$$libinit$$0000000E)
    .ARM.Collect$$libinit$$00000011          0x080001aa   Section        0  libinit2.o(.ARM.Collect$$libinit$$00000011)
    .ARM.Collect$$libinit$$00000013          0x080001aa   Section        0  libinit2.o(.ARM.Collect$$libinit$$00000013)
    .ARM.Collect$$libinit$$00000015          0x080001aa   Section        0  libinit2.o(.ARM.Collect$$libinit$$00000015)
    .ARM.Collect$$libinit$$00000017          0x080001aa   Section        0  libinit2.o(.ARM.Collect$$libinit$$00000017)
    .ARM.Collect$$libinit$$00000019          0x080001aa   Section        0  libinit2.o(.ARM.Collect$$libinit$$00000019)
    .ARM.Collect$$libinit$$0000001B          0x080001aa   Section        0  libinit2.o(.ARM.Collect$$libinit$$0000001B)
    .ARM.Collect$$libinit$$0000001D          0x080001aa   Section        0  libinit2.o(.ARM.Collect$$libinit$$0000001D)
    .ARM.Collect$$libinit$$0000001F          0x080001aa   Section        0  libinit2.o(.ARM.Collect$$libinit$$0000001F)
    .ARM.Collect$$libinit$$00000021          0x080001aa   Section        0  libinit2.o(.ARM.Collect$$libinit$$00000021)
    .ARM.Collect$$libinit$$00000023          0x080001aa   Section        0  libinit2.o(.ARM.Collect$$libinit$$00000023)
    .ARM.Collect$$libinit$$00000025          0x080001aa   Section        0  libinit2.o(.ARM.Collect$$libinit$$00000025)
    .ARM.Collect$$libinit$$0000002C          0x080001aa   Section        0  libinit2.o(.ARM.Collect$$libinit$$0000002C)
    .ARM.Collect$$libinit$$0000002E          0x080001aa   Section        0  libinit2.o(.ARM.Collect$$libinit$$0000002E)
    .ARM.Collect$$libinit$$00000030          0x080001aa   Section        0  libinit2.o(.ARM.Collect$$libinit$$00000030)
    .ARM.Collect$$libinit$$00000032          0x080001aa   Section        0  libinit2.o(.ARM.Collect$$libinit$$00000032)
    .ARM.Collect$$libinit$$00000033          0x080001aa   Section        2  libinit2.o(.ARM.Collect$$libinit$$00000033)
    .ARM.Collect$$libshutdown$$00000000      0x080001ac   Section        2  libshutdown.o(.ARM.Collect$$libshutdown$$00000000)
    .ARM.Collect$$libshutdown$$00000002      0x080001ae   Section        0  libshutdown2.o(.ARM.Collect$$libshutdown$$00000002)
    .ARM.Collect$$libshutdown$$00000004      0x080001ae   Section        0  libshutdown2.o(.ARM.Collect$$libshutdown$$00000004)
    .ARM.Collect$$libshutdown$$00000007      0x080001ae   Section        0  libshutdown2.o(.ARM.Collect$$libshutdown$$00000007)
    .ARM.Collect$$libshutdown$$0000000A      0x080001ae   Section        0  libshutdown2.o(.ARM.Collect$$libshutdown$$0000000A)
    .ARM.Collect$$libshutdown$$0000000C      0x080001ae   Section        0  libshutdown2.o(.ARM.Collect$$libshutdown$$0000000C)
    .ARM.Collect$$libshutdown$$0000000F      0x080001ae   Section        0  libshutdown2.o(.ARM.Collect$$libshutdown$$0000000F)
    .ARM.Collect$$libshutdown$$00000010      0x080001ae   Section        2  libshutdown2.o(.ARM.Collect$$libshutdown$$00000010)
    .ARM.Collect$$rtentry$$00000000          0x080001b0   Section        0  __rtentry.o(.ARM.Collect$$rtentry$$00000000)
    .ARM.Collect$$rtentry$$00000002          0x080001b0   Section        0  __rtentry2.o(.ARM.Collect$$rtentry$$00000002)
    .ARM.Collect$$rtentry$$00000004          0x080001b0   Section        6  __rtentry4.o(.ARM.Collect$$rtentry$$00000004)
    .ARM.Collect$$rtentry$$00000009          0x080001b6   Section        0  __rtentry2.o(.ARM.Collect$$rtentry$$00000009)
    .ARM.Collect$$rtentry$$0000000A          0x080001b6   Section        4  __rtentry2.o(.ARM.Collect$$rtentry$$0000000A)
    .ARM.Collect$$rtentry$$0000000C          0x080001ba   Section        0  __rtentry2.o(.ARM.Collect$$rtentry$$0000000C)
    .ARM.Collect$$rtentry$$0000000D          0x080001ba   Section        8  __rtentry2.o(.ARM.Collect$$rtentry$$0000000D)
    .ARM.Collect$$rtexit$$00000000           0x080001c2   Section        2  rtexit.o(.ARM.Collect$$rtexit$$00000000)
    .ARM.Collect$$rtexit$$00000002           0x080001c4   Section        0  rtexit2.o(.ARM.Collect$$rtexit$$00000002)
    .ARM.Collect$$rtexit$$00000003           0x080001c4   Section        4  rtexit2.o(.ARM.Collect$$rtexit$$00000003)
    .ARM.Collect$$rtexit$$00000004           0x080001c8   Section        6  rtexit2.o(.ARM.Collect$$rtexit$$00000004)
    .emb_text                                0x080001d0   Section       52  rand.o(.emb_text)
    .text                                    0x08000204   Section       64  startup_stm32f103xe.o(.text)
    .text                                    0x08000244   Section        0  rand.o(.text)
    .text                                    0x08000280   Section       78  rt_memclr_w.o(.text)
    .text                                    0x080002ce   Section        0  heapauxi.o(.text)
    .text                                    0x080002d4   Section        0  _rserrno.o(.text)
    .text                                    0x080002ec   Section        8  rt_errno_addr_intlibspace.o(.text)
    .text                                    0x080002f4   Section        8  libspace.o(.text)
    .text                                    0x080002fc   Section       74  sys_stackheap_outer.o(.text)
    .text                                    0x08000346   Section        0  exit.o(.text)
    .text                                    0x08000358   Section        2  use_no_semi.o(.text)
    .text                                    0x0800035a   Section        0  indicate_semi.o(.text)
    .text                                    0x0800035c   Section        0  sys_exit.o(.text)
    i.BusFault_Handler                       0x08000368   Section        0  stm32f1xx_it.o(i.BusFault_Handler)
    i.CAN1_RX1_IRQHandler                    0x0800036c   Section        0  stm32f1xx_it.o(i.CAN1_RX1_IRQHandler)
    i.CAN1_SCE_IRQHandler                    0x08000378   Section        0  stm32f1xx_it.o(i.CAN1_SCE_IRQHandler)
    i.DWT_GetDeltaT                          0x08000384   Section        0  bsp_dwt.o(i.DWT_GetDeltaT)
    i.DWT_Init                               0x080003b8   Section        0  bsp_dwt.o(i.DWT_Init)
    i.DebugMon_Handler                       0x080003ec   Section        0  stm32f1xx_it.o(i.DebugMon_Handler)
    i.Error_Handler                          0x080003ee   Section        0  main.o(i.Error_Handler)
    i.Gauss_Rand                             0x080003f4   Section        0  motor_simulation.o(i.Gauss_Rand)
    Gauss_Rand                               0x080003f5   Thumb Code   142  motor_simulation.o(i.Gauss_Rand)
    i.Get_Motor_Angle                        0x08000490   Section        0  motor_simulation.o(i.Get_Motor_Angle)
    i.Get_Motor_Current                      0x08000494   Section        0  motor_simulation.o(i.Get_Motor_Current)
    i.Get_Motor_Velocity                     0x08000498   Section        0  motor_simulation.o(i.Get_Motor_Velocity)
    i.HAL_CAN_ErrorCallback                  0x0800049c   Section        0  stm32f1xx_hal_can.o(i.HAL_CAN_ErrorCallback)
    i.HAL_CAN_IRQHandler                     0x0800049e   Section        0  stm32f1xx_hal_can.o(i.HAL_CAN_IRQHandler)
    i.HAL_CAN_Init                           0x0800069a   Section        0  stm32f1xx_hal_can.o(i.HAL_CAN_Init)
    i.HAL_CAN_MspInit                        0x080007b4   Section        0  can.o(i.HAL_CAN_MspInit)
    i.HAL_CAN_RxFifo0FullCallback            0x08000860   Section        0  stm32f1xx_hal_can.o(i.HAL_CAN_RxFifo0FullCallback)
    i.HAL_CAN_RxFifo0MsgPendingCallback      0x08000862   Section        0  stm32f1xx_hal_can.o(i.HAL_CAN_RxFifo0MsgPendingCallback)
    i.HAL_CAN_RxFifo1FullCallback            0x08000864   Section        0  stm32f1xx_hal_can.o(i.HAL_CAN_RxFifo1FullCallback)
    i.HAL_CAN_RxFifo1MsgPendingCallback      0x08000866   Section        0  stm32f1xx_hal_can.o(i.HAL_CAN_RxFifo1MsgPendingCallback)
    i.HAL_CAN_SleepCallback                  0x08000868   Section        0  stm32f1xx_hal_can.o(i.HAL_CAN_SleepCallback)
    i.HAL_CAN_TxMailbox0AbortCallback        0x0800086a   Section        0  stm32f1xx_hal_can.o(i.HAL_CAN_TxMailbox0AbortCallback)
    i.HAL_CAN_TxMailbox0CompleteCallback     0x0800086c   Section        0  stm32f1xx_hal_can.o(i.HAL_CAN_TxMailbox0CompleteCallback)
    i.HAL_CAN_TxMailbox1AbortCallback        0x0800086e   Section        0  stm32f1xx_hal_can.o(i.HAL_CAN_TxMailbox1AbortCallback)
    i.HAL_CAN_TxMailbox1CompleteCallback     0x08000870   Section        0  stm32f1xx_hal_can.o(i.HAL_CAN_TxMailbox1CompleteCallback)
    i.HAL_CAN_TxMailbox2AbortCallback        0x08000872   Section        0  stm32f1xx_hal_can.o(i.HAL_CAN_TxMailbox2AbortCallback)
    i.HAL_CAN_TxMailbox2CompleteCallback     0x08000874   Section        0  stm32f1xx_hal_can.o(i.HAL_CAN_TxMailbox2CompleteCallback)
    i.HAL_CAN_WakeUpFromRxMsgCallback        0x08000876   Section        0  stm32f1xx_hal_can.o(i.HAL_CAN_WakeUpFromRxMsgCallback)
    i.HAL_Delay                              0x08000878   Section        0  stm32f1xx_hal.o(i.HAL_Delay)
    i.HAL_GPIO_Init                          0x0800089c   Section        0  stm32f1xx_hal_gpio.o(i.HAL_GPIO_Init)
    i.HAL_GetTick                            0x08000a94   Section        0  stm32f1xx_hal.o(i.HAL_GetTick)
    i.HAL_IncTick                            0x08000aa0   Section        0  stm32f1xx_hal.o(i.HAL_IncTick)
    i.HAL_Init                               0x08000ab0   Section        0  stm32f1xx_hal.o(i.HAL_Init)
    i.HAL_InitTick                           0x08000ad4   Section        0  stm32f1xx_hal.o(i.HAL_InitTick)
    i.HAL_MspInit                            0x08000b14   Section        0  stm32f1xx_hal_msp.o(i.HAL_MspInit)
    i.HAL_NVIC_EnableIRQ                     0x08000b60   Section        0  stm32f1xx_hal_cortex.o(i.HAL_NVIC_EnableIRQ)
    i.HAL_NVIC_SetPriority                   0x08000b7c   Section        0  stm32f1xx_hal_cortex.o(i.HAL_NVIC_SetPriority)
    i.HAL_NVIC_SetPriorityGrouping           0x08000bbc   Section        0  stm32f1xx_hal_cortex.o(i.HAL_NVIC_SetPriorityGrouping)
    i.HAL_RCC_ClockConfig                    0x08000be0   Section        0  stm32f1xx_hal_rcc.o(i.HAL_RCC_ClockConfig)
    i.HAL_RCC_GetSysClockFreq                0x08000d0c   Section        0  stm32f1xx_hal_rcc.o(i.HAL_RCC_GetSysClockFreq)
    i.HAL_RCC_OscConfig                      0x08000d58   Section        0  stm32f1xx_hal_rcc.o(i.HAL_RCC_OscConfig)
    i.HAL_SYSTICK_Config                     0x08001078   Section        0  stm32f1xx_hal_cortex.o(i.HAL_SYSTICK_Config)
    i.HAL_TIMEx_BreakCallback                0x080010a0   Section        0  stm32f1xx_hal_tim_ex.o(i.HAL_TIMEx_BreakCallback)
    i.HAL_TIMEx_CommutCallback               0x080010a2   Section        0  stm32f1xx_hal_tim_ex.o(i.HAL_TIMEx_CommutCallback)
    i.HAL_TIMEx_ConfigBreakDeadTime          0x080010a4   Section        0  stm32f1xx_hal_tim_ex.o(i.HAL_TIMEx_ConfigBreakDeadTime)
    i.HAL_TIMEx_MasterConfigSynchronization  0x080010f8   Section        0  stm32f1xx_hal_tim_ex.o(i.HAL_TIMEx_MasterConfigSynchronization)
    i.HAL_TIM_Base_Init                      0x08001174   Section        0  stm32f1xx_hal_tim.o(i.HAL_TIM_Base_Init)
    i.HAL_TIM_Base_MspInit                   0x080011d0   Section        0  tim.o(i.HAL_TIM_Base_MspInit)
    i.HAL_TIM_ConfigClockSource              0x0800120c   Section        0  stm32f1xx_hal_tim.o(i.HAL_TIM_ConfigClockSource)
    i.HAL_TIM_IC_CaptureCallback             0x080012e8   Section        0  stm32f1xx_hal_tim.o(i.HAL_TIM_IC_CaptureCallback)
    i.HAL_TIM_IRQHandler                     0x080012ea   Section        0  stm32f1xx_hal_tim.o(i.HAL_TIM_IRQHandler)
    i.HAL_TIM_MspPostInit                    0x0800141c   Section        0  tim.o(i.HAL_TIM_MspPostInit)
    i.HAL_TIM_OC_DelayElapsedCallback        0x08001468   Section        0  stm32f1xx_hal_tim.o(i.HAL_TIM_OC_DelayElapsedCallback)
    i.HAL_TIM_PWM_ConfigChannel              0x0800146a   Section        0  stm32f1xx_hal_tim.o(i.HAL_TIM_PWM_ConfigChannel)
    i.HAL_TIM_PWM_Init                       0x08001536   Section        0  stm32f1xx_hal_tim.o(i.HAL_TIM_PWM_Init)
    i.HAL_TIM_PWM_MspInit                    0x08001590   Section        0  tim.o(i.HAL_TIM_PWM_MspInit)
    i.HAL_TIM_PWM_PulseFinishedCallback      0x080015fc   Section        0  stm32f1xx_hal_tim.o(i.HAL_TIM_PWM_PulseFinishedCallback)
    i.HAL_TIM_PeriodElapsedCallback          0x080015fe   Section        0  stm32f1xx_hal_tim.o(i.HAL_TIM_PeriodElapsedCallback)
    i.HAL_TIM_TriggerCallback                0x08001600   Section        0  stm32f1xx_hal_tim.o(i.HAL_TIM_TriggerCallback)
    i.HardFault_Handler                      0x08001602   Section        0  stm32f1xx_it.o(i.HardFault_Handler)
    i.MX_CAN_Init                            0x08001604   Section        0  can.o(i.MX_CAN_Init)
    i.MX_GPIO_Init                           0x08001640   Section        0  gpio.o(i.MX_GPIO_Init)
    i.MX_TIM1_Init                           0x0800166c   Section        0  tim.o(i.MX_TIM1_Init)
    i.MX_TIM3_Init                           0x08001720   Section        0  tim.o(i.MX_TIM3_Init)
    i.MemManage_Handler                      0x08001788   Section        0  stm32f1xx_it.o(i.MemManage_Handler)
    i.Motor_Object_Init                      0x0800178c   Section        0  motor_simulation.o(i.Motor_Object_Init)
    i.Motor_Simulation                       0x080017dc   Section        0  motor_simulation.o(i.Motor_Simulation)
    i.NMI_Handler                            0x08001998   Section        0  stm32f1xx_it.o(i.NMI_Handler)
    i.PID_ACalc                              0x0800199c   Section        0  main.o(i.PID_ACalc)
    i.PID_VCalc                              0x08001a08   Section        0  main.o(i.PID_VCalc)
    i.PendSV_Handler                         0x08001a74   Section        0  stm32f1xx_it.o(i.PendSV_Handler)
    i.RCC_IRQHandler                         0x08001a76   Section        0  stm32f1xx_it.o(i.RCC_IRQHandler)
    i.SVC_Handler                            0x08001a78   Section        0  stm32f1xx_it.o(i.SVC_Handler)
    i.SysTick_Handler                        0x08001a7a   Section        0  stm32f1xx_it.o(i.SysTick_Handler)
    i.SystemClock_Config                     0x08001a7e   Section        0  main.o(i.SystemClock_Config)
    i.SystemInit                             0x08001adc   Section        0  system_stm32f1xx.o(i.SystemInit)
    i.TIM1_BRK_IRQHandler                    0x08001ae0   Section        0  stm32f1xx_it.o(i.TIM1_BRK_IRQHandler)
    i.TIM1_CC_IRQHandler                     0x08001aec   Section        0  stm32f1xx_it.o(i.TIM1_CC_IRQHandler)
    i.TIM1_TRG_COM_IRQHandler                0x08001af8   Section        0  stm32f1xx_it.o(i.TIM1_TRG_COM_IRQHandler)
    i.TIM1_UP_IRQHandler                     0x08001b04   Section        0  stm32f1xx_it.o(i.TIM1_UP_IRQHandler)
    i.TIM3_IRQHandler                        0x08001b10   Section        0  stm32f1xx_it.o(i.TIM3_IRQHandler)
    i.TIM_Base_SetConfig                     0x08001b1c   Section        0  stm32f1xx_hal_tim.o(i.TIM_Base_SetConfig)
    i.TIM_ETR_SetConfig                      0x08001bb8   Section        0  stm32f1xx_hal_tim.o(i.TIM_ETR_SetConfig)
    i.TIM_ITRx_SetConfig                     0x08001bcc   Section        0  stm32f1xx_hal_tim.o(i.TIM_ITRx_SetConfig)
    TIM_ITRx_SetConfig                       0x08001bcd   Thumb Code    16  stm32f1xx_hal_tim.o(i.TIM_ITRx_SetConfig)
    i.TIM_OC1_SetConfig                      0x08001bdc   Section        0  stm32f1xx_hal_tim.o(i.TIM_OC1_SetConfig)
    TIM_OC1_SetConfig                        0x08001bdd   Thumb Code    88  stm32f1xx_hal_tim.o(i.TIM_OC1_SetConfig)
    i.TIM_OC2_SetConfig                      0x08001c3c   Section        0  stm32f1xx_hal_tim.o(i.TIM_OC2_SetConfig)
    i.TIM_OC3_SetConfig                      0x08001ca8   Section        0  stm32f1xx_hal_tim.o(i.TIM_OC3_SetConfig)
    TIM_OC3_SetConfig                        0x08001ca9   Thumb Code    96  stm32f1xx_hal_tim.o(i.TIM_OC3_SetConfig)
    i.TIM_OC4_SetConfig                      0x08001d10   Section        0  stm32f1xx_hal_tim.o(i.TIM_OC4_SetConfig)
    TIM_OC4_SetConfig                        0x08001d11   Thumb Code    70  stm32f1xx_hal_tim.o(i.TIM_OC4_SetConfig)
    i.TIM_TI1_ConfigInputStage               0x08001d60   Section        0  stm32f1xx_hal_tim.o(i.TIM_TI1_ConfigInputStage)
    TIM_TI1_ConfigInputStage                 0x08001d61   Thumb Code    34  stm32f1xx_hal_tim.o(i.TIM_TI1_ConfigInputStage)
    i.TIM_TI2_ConfigInputStage               0x08001d82   Section        0  stm32f1xx_hal_tim.o(i.TIM_TI2_ConfigInputStage)
    TIM_TI2_ConfigInputStage                 0x08001d83   Thumb Code    36  stm32f1xx_hal_tim.o(i.TIM_TI2_ConfigInputStage)
    i.USB_HP_CAN1_TX_IRQHandler              0x08001da8   Section        0  stm32f1xx_it.o(i.USB_HP_CAN1_TX_IRQHandler)
    i.USB_LP_CAN1_RX0_IRQHandler             0x08001db4   Section        0  stm32f1xx_it.o(i.USB_LP_CAN1_RX0_IRQHandler)
    i.UsageFault_Handler                     0x08001dc0   Section        0  stm32f1xx_it.o(i.UsageFault_Handler)
    i.__ARM_fpclassifyf                      0x08001dc2   Section        0  fpclassifyf.o(i.__ARM_fpclassifyf)
    i.__NVIC_SetPriority                     0x08001de8   Section        0  stm32f1xx_hal_cortex.o(i.__NVIC_SetPriority)
    __NVIC_SetPriority                       0x08001de9   Thumb Code    32  stm32f1xx_hal_cortex.o(i.__NVIC_SetPriority)
    i.__mathlib_flt_divzero                  0x08001e08   Section        0  funder.o(i.__mathlib_flt_divzero)
    i.__mathlib_flt_infnan                   0x08001e12   Section        0  funder.o(i.__mathlib_flt_infnan)
    i.__mathlib_flt_invalid                  0x08001e18   Section        0  funder.o(i.__mathlib_flt_invalid)
    i.__mathlib_flt_underflow                0x08001e20   Section        0  funder.o(i.__mathlib_flt_underflow)
    i.__mathlib_rredf2                       0x08001e2c   Section        0  rredf.o(i.__mathlib_rredf2)
    i.cosf                                   0x08001f94   Section        0  cosf.o(i.cosf)
    i.float_rounding                         0x08002110   Section        0  motor_simulation.o(i.float_rounding)
    float_rounding                           0x08002111   Thumb Code    32  motor_simulation.o(i.float_rounding)
    i.logf                                   0x08002130   Section        0  logf.o(i.logf)
    i.main                                   0x080022c0   Section        0  main.o(i.main)
    i.pida_Init                              0x0800236c   Section        0  main.o(i.pida_Init)
    i.pidv_Init                              0x08002394   Section        0  main.o(i.pidv_Init)
    i.sinf                                   0x080023c0   Section        0  sinf.o(i.sinf)
    i.sqrtf                                  0x08002548   Section        0  sqrtf.o(i.sqrtf)
    x$fpl$d2f                                0x08002574   Section       98  d2f.o(x$fpl$d2f)
    x$fpl$dcheck1                            0x080025d8   Section       16  dcheck1.o(x$fpl$dcheck1)
    x$fpl$dflt                               0x080025e8   Section       46  dflt_clz.o(x$fpl$dflt)
    x$fpl$dmul                               0x08002618   Section      340  dmul.o(x$fpl$dmul)
    x$fpl$dnaninf                            0x0800276c   Section      156  dnaninf.o(x$fpl$dnaninf)
    x$fpl$dretinf                            0x08002808   Section       12  dretinf.o(x$fpl$dretinf)
    x$fpl$f2d                                0x08002814   Section       86  f2d.o(x$fpl$f2d)
    x$fpl$fadd                               0x0800286c   Section      196  faddsub_clz.o(x$fpl$fadd)
    _fadd1                                   0x0800287b   Thumb Code     0  faddsub_clz.o(x$fpl$fadd)
    x$fpl$fcheck1                            0x08002930   Section       12  fcheck1.o(x$fpl$fcheck1)
    x$fpl$fcmpinf                            0x0800293c   Section       24  fcmpi.o(x$fpl$fcmpinf)
    x$fpl$fdiv                               0x08002954   Section      388  fdiv.o(x$fpl$fdiv)
    _fdiv1                                   0x08002955   Thumb Code     0  fdiv.o(x$fpl$fdiv)
    x$fpl$ffix                               0x08002ad8   Section       54  ffix.o(x$fpl$ffix)
    x$fpl$fflt                               0x08002b10   Section       48  fflt_clz.o(x$fpl$fflt)
    x$fpl$ffltu                              0x08002b40   Section       38  fflt_clz.o(x$fpl$ffltu)
    x$fpl$fleqf                              0x08002b68   Section      104  fleqf.o(x$fpl$fleqf)
    x$fpl$fmul                               0x08002bd0   Section      258  fmul.o(x$fpl$fmul)
    x$fpl$fnaninf                            0x08002cd2   Section      140  fnaninf.o(x$fpl$fnaninf)
    x$fpl$fretinf                            0x08002d5e   Section       10  fretinf.o(x$fpl$fretinf)
    x$fpl$frleqf                             0x08002d68   Section       98  frleqf.o(x$fpl$frleqf)
    x$fpl$frnd                               0x08002dcc   Section       96  frnd.o(x$fpl$frnd)
    x$fpl$frsb                               0x08002e2c   Section       20  faddsub_clz.o(x$fpl$frsb)
    x$fpl$fsqrt                              0x08002e40   Section      272  fsqrt.o(x$fpl$fsqrt)
    x$fpl$fsub                               0x08002f50   Section      234  faddsub_clz.o(x$fpl$fsub)
    _fsub1                                   0x08002f5f   Thumb Code     0  faddsub_clz.o(x$fpl$fsub)
    x$fpl$retnan                             0x0800303a   Section      100  retnan.o(x$fpl$retnan)
    x$fpl$scalbn                             0x0800309e   Section       92  scalbn.o(x$fpl$scalbn)
    x$fpl$scalbnf                            0x080030fa   Section       76  scalbnf.o(x$fpl$scalbnf)
    x$fpl$trapveneer                         0x08003146   Section       48  trapv.o(x$fpl$trapveneer)
    .constdata                               0x08003176   Section       18  stm32f1xx_hal_rcc.o(.constdata)
    x$fpl$usenofp                            0x08003176   Section        0  usenofp.o(x$fpl$usenofp)
    aPredivFactorTable                       0x08003176   Data           2  stm32f1xx_hal_rcc.o(.constdata)
    aPLLMULFactorTable                       0x08003178   Data          16  stm32f1xx_hal_rcc.o(.constdata)
    .constdata                               0x08003188   Section       16  system_stm32f1xx.o(.constdata)
    .constdata                               0x08003198   Section       64  logf.o(.constdata)
    logahi                                   0x08003198   Data          32  logf.o(.constdata)
    logalo                                   0x080031b8   Data          32  logf.o(.constdata)
    .constdata                               0x080031d8   Section       32  rredf.o(.constdata)
    twooverpi                                0x080031d8   Data          32  rredf.o(.constdata)
    .data                                    0x20000000   Section       20  main.o(.data)
    .data                                    0x20000014   Section       12  stm32f1xx_hal.o(.data)
    .data                                    0x20000020   Section        4  system_stm32f1xx.o(.data)
    .data                                    0x20000024   Section        4  bsp_dwt.o(.data)
    .data                                    0x20000028   Section       20  motor_simulation.o(.data)
    integer                                  0x20000028   Data           4  motor_simulation.o(.data)
    decimal                                  0x2000002c   Data           4  motor_simulation.o(.data)
    U                                        0x20000030   Data           4  motor_simulation.o(.data)
    V                                        0x20000034   Data           4  motor_simulation.o(.data)
    phase                                    0x20000038   Data           4  motor_simulation.o(.data)
    .bss                                     0x2000003c   Section      160  main.o(.bss)
    .bss                                     0x200000dc   Section       40  can.o(.bss)
    .bss                                     0x20000104   Section      144  tim.o(.bss)
    .bss                                     0x20000194   Section      228  rand.o(.bss)
    .bss                                     0x20000278   Section       96  libspace.o(.bss)
    HEAP                                     0x200002d8   Section      512  startup_stm32f103xe.o(HEAP)
    Heap_Mem                                 0x200002d8   Data         512  startup_stm32f103xe.o(HEAP)
    STACK                                    0x200004d8   Section     1024  startup_stm32f103xe.o(STACK)
    Stack_Mem                                0x200004d8   Data        1024  startup_stm32f103xe.o(STACK)
    __initial_sp                             0x200008d8   Data           0  startup_stm32f103xe.o(STACK)

    Global Symbols

    Symbol Name                              Value     Ov Type        Size  Object(Section)

    BuildAttributes$$THM_ISAv4$P$D$K$B$S$PE$A:L22UL41UL21$X:L11$S22US41US21$IEEE1$IW$USESV6$~STKCKD$USESV7$~SHL$OTIME$ROPI$IEEEX$EBA8$UX$STANDARDLIB$REQ8$PRES8$EABIv2 0x00000000   Number         0  anon$$obj.o ABSOLUTE
    __ARM_use_no_argv                        0x00000000   Number         0  main.o ABSOLUTE
    __ARM_exceptions_init                     - Undefined Weak Reference
    __alloca_initialize                       - Undefined Weak Reference
    __arm_preinit_                            - Undefined Weak Reference
    __cpp_initialize__aeabi_                  - Undefined Weak Reference
    __cxa_finalize                            - Undefined Weak Reference
    __rt_locale                               - Undefined Weak Reference
    __sigvec_lookup                           - Undefined Weak Reference
    _atexit_init                              - Undefined Weak Reference
    _call_atexit_fns                          - Undefined Weak Reference
    _clock_init                               - Undefined Weak Reference
    _fp_trap_init                             - Undefined Weak Reference
    _fp_trap_shutdown                         - Undefined Weak Reference
    _get_lc_collate                           - Undefined Weak Reference
    _get_lc_ctype                             - Undefined Weak Reference
    _get_lc_monetary                          - Undefined Weak Reference
    _get_lc_numeric                           - Undefined Weak Reference
    _get_lc_time                              - Undefined Weak Reference
    _getenv_init                              - Undefined Weak Reference
    _handle_redirection                       - Undefined Weak Reference
    _init_alloc                               - Undefined Weak Reference
    _init_user_alloc                          - Undefined Weak Reference
    _initio                                   - Undefined Weak Reference
    _signal_finish                            - Undefined Weak Reference
    _signal_init                              - Undefined Weak Reference
    _terminate_alloc                          - Undefined Weak Reference
    _terminate_user_alloc                     - Undefined Weak Reference
    _terminateio                              - Undefined Weak Reference
    __Vectors_Size                           0x00000130   Number         0  startup_stm32f103xe.o ABSOLUTE
    __Vectors                                0x08000000   Data           4  startup_stm32f103xe.o(RESET)
    __Vectors_End                            0x08000130   Data           0  startup_stm32f103xe.o(RESET)
    __main                                   0x08000131   Thumb Code     8  __main.o(!!!main)
    __scatterload                            0x08000139   Thumb Code     0  __scatter.o(!!!scatter)
    __scatterload_rt2                        0x08000139   Thumb Code    44  __scatter.o(!!!scatter)
    __scatterload_rt2_thumb_only             0x08000139   Thumb Code     0  __scatter.o(!!!scatter)
    __scatterload_null                       0x08000147   Thumb Code     0  __scatter.o(!!!scatter)
    __scatterload_copy                       0x0800016d   Thumb Code    26  __scatter_copy.o(!!handler_copy)
    __scatterload_zeroinit                   0x08000189   Thumb Code    28  __scatter_zi.o(!!handler_zi)
    __rt_lib_init                            0x080001a5   Thumb Code     0  libinit.o(.ARM.Collect$$libinit$$00000000)
    __rt_lib_init_fp_1                       0x080001a7   Thumb Code     0  libinit2.o(.ARM.Collect$$libinit$$00000002)
    __rt_lib_init_heap_1                     0x080001a7   Thumb Code     0  libinit2.o(.ARM.Collect$$libinit$$0000000A)
    __rt_lib_init_preinit_1                  0x080001a7   Thumb Code     0  libinit2.o(.ARM.Collect$$libinit$$00000004)
    __rt_lib_init_rand_2                     0x080001a7   Thumb Code     0  libinit2.o(.ARM.Collect$$libinit$$0000000D)
    __rt_lib_init_user_alloc_1               0x080001a7   Thumb Code     0  libinit2.o(.ARM.Collect$$libinit$$0000000C)
    __rt_lib_init_alloca_1                   0x080001ab   Thumb Code     0  libinit2.o(.ARM.Collect$$libinit$$0000002E)
    __rt_lib_init_argv_1                     0x080001ab   Thumb Code     0  libinit2.o(.ARM.Collect$$libinit$$0000002C)
    __rt_lib_init_atexit_1                   0x080001ab   Thumb Code     0  libinit2.o(.ARM.Collect$$libinit$$0000001B)
    __rt_lib_init_clock_1                    0x080001ab   Thumb Code     0  libinit2.o(.ARM.Collect$$libinit$$00000021)
    __rt_lib_init_cpp_1                      0x080001ab   Thumb Code     0  libinit2.o(.ARM.Collect$$libinit$$00000032)
    __rt_lib_init_exceptions_1               0x080001ab   Thumb Code     0  libinit2.o(.ARM.Collect$$libinit$$00000030)
    __rt_lib_init_fp_trap_1                  0x080001ab   Thumb Code     0  libinit2.o(.ARM.Collect$$libinit$$0000001F)
    __rt_lib_init_getenv_1                   0x080001ab   Thumb Code     0  libinit2.o(.ARM.Collect$$libinit$$00000023)
    __rt_lib_init_lc_collate_1               0x080001ab   Thumb Code     0  libinit2.o(.ARM.Collect$$libinit$$00000011)
    __rt_lib_init_lc_ctype_1                 0x080001ab   Thumb Code     0  libinit2.o(.ARM.Collect$$libinit$$00000013)
    __rt_lib_init_lc_monetary_1              0x080001ab   Thumb Code     0  libinit2.o(.ARM.Collect$$libinit$$00000015)
    __rt_lib_init_lc_numeric_1               0x080001ab   Thumb Code     0  libinit2.o(.ARM.Collect$$libinit$$00000017)
    __rt_lib_init_lc_time_1                  0x080001ab   Thumb Code     0  libinit2.o(.ARM.Collect$$libinit$$00000019)
    __rt_lib_init_rand_1                     0x080001ab   Thumb Code     0  libinit2.o(.ARM.Collect$$libinit$$0000000E)
    __rt_lib_init_return                     0x080001ab   Thumb Code     0  libinit2.o(.ARM.Collect$$libinit$$00000033)
    __rt_lib_init_signal_1                   0x080001ab   Thumb Code     0  libinit2.o(.ARM.Collect$$libinit$$0000001D)
    __rt_lib_init_stdio_1                    0x080001ab   Thumb Code     0  libinit2.o(.ARM.Collect$$libinit$$00000025)
    __rt_lib_shutdown                        0x080001ad   Thumb Code     0  libshutdown.o(.ARM.Collect$$libshutdown$$00000000)
    __rt_lib_shutdown_cpp_1                  0x080001af   Thumb Code     0  libshutdown2.o(.ARM.Collect$$libshutdown$$00000002)
    __rt_lib_shutdown_fp_trap_1              0x080001af   Thumb Code     0  libshutdown2.o(.ARM.Collect$$libshutdown$$00000007)
    __rt_lib_shutdown_heap_1                 0x080001af   Thumb Code     0  libshutdown2.o(.ARM.Collect$$libshutdown$$0000000F)
    __rt_lib_shutdown_return                 0x080001af   Thumb Code     0  libshutdown2.o(.ARM.Collect$$libshutdown$$00000010)
    __rt_lib_shutdown_signal_1               0x080001af   Thumb Code     0  libshutdown2.o(.ARM.Collect$$libshutdown$$0000000A)
    __rt_lib_shutdown_stdio_1                0x080001af   Thumb Code     0  libshutdown2.o(.ARM.Collect$$libshutdown$$00000004)
    __rt_lib_shutdown_user_alloc_1           0x080001af   Thumb Code     0  libshutdown2.o(.ARM.Collect$$libshutdown$$0000000C)
    __rt_entry                               0x080001b1   Thumb Code     0  __rtentry.o(.ARM.Collect$$rtentry$$00000000)
    __rt_entry_presh_1                       0x080001b1   Thumb Code     0  __rtentry2.o(.ARM.Collect$$rtentry$$00000002)
    __rt_entry_sh                            0x080001b1   Thumb Code     0  __rtentry4.o(.ARM.Collect$$rtentry$$00000004)
    __rt_entry_li                            0x080001b7   Thumb Code     0  __rtentry2.o(.ARM.Collect$$rtentry$$0000000A)
    __rt_entry_postsh_1                      0x080001b7   Thumb Code     0  __rtentry2.o(.ARM.Collect$$rtentry$$00000009)
    __rt_entry_main                          0x080001bb   Thumb Code     0  __rtentry2.o(.ARM.Collect$$rtentry$$0000000D)
    __rt_entry_postli_1                      0x080001bb   Thumb Code     0  __rtentry2.o(.ARM.Collect$$rtentry$$0000000C)
    __rt_exit                                0x080001c3   Thumb Code     0  rtexit.o(.ARM.Collect$$rtexit$$00000000)
    __rt_exit_ls                             0x080001c5   Thumb Code     0  rtexit2.o(.ARM.Collect$$rtexit$$00000003)
    __rt_exit_prels_1                        0x080001c5   Thumb Code     0  rtexit2.o(.ARM.Collect$$rtexit$$00000002)
    __rt_exit_exit                           0x080001c9   Thumb Code     0  rtexit2.o(.ARM.Collect$$rtexit$$00000004)
    rand                                     0x080001d1   Thumb Code    48  rand.o(.emb_text)
    Reset_Handler                            0x08000205   Thumb Code     8  startup_stm32f103xe.o(.text)
    ADC1_2_IRQHandler                        0x0800021f   Thumb Code     0  startup_stm32f103xe.o(.text)
    ADC3_IRQHandler                          0x0800021f   Thumb Code     0  startup_stm32f103xe.o(.text)
    DMA1_Channel1_IRQHandler                 0x0800021f   Thumb Code     0  startup_stm32f103xe.o(.text)
    DMA1_Channel2_IRQHandler                 0x0800021f   Thumb Code     0  startup_stm32f103xe.o(.text)
    DMA1_Channel3_IRQHandler                 0x0800021f   Thumb Code     0  startup_stm32f103xe.o(.text)
    DMA1_Channel4_IRQHandler                 0x0800021f   Thumb Code     0  startup_stm32f103xe.o(.text)
    DMA1_Channel5_IRQHandler                 0x0800021f   Thumb Code     0  startup_stm32f103xe.o(.text)
    DMA1_Channel6_IRQHandler                 0x0800021f   Thumb Code     0  startup_stm32f103xe.o(.text)
    DMA1_Channel7_IRQHandler                 0x0800021f   Thumb Code     0  startup_stm32f103xe.o(.text)
    DMA2_Channel1_IRQHandler                 0x0800021f   Thumb Code     0  startup_stm32f103xe.o(.text)
    DMA2_Channel2_IRQHandler                 0x0800021f   Thumb Code     0  startup_stm32f103xe.o(.text)
    DMA2_Channel3_IRQHandler                 0x0800021f   Thumb Code     0  startup_stm32f103xe.o(.text)
    DMA2_Channel4_5_IRQHandler               0x0800021f   Thumb Code     0  startup_stm32f103xe.o(.text)
    EXTI0_IRQHandler                         0x0800021f   Thumb Code     0  startup_stm32f103xe.o(.text)
    EXTI15_10_IRQHandler                     0x0800021f   Thumb Code     0  startup_stm32f103xe.o(.text)
    EXTI1_IRQHandler                         0x0800021f   Thumb Code     0  startup_stm32f103xe.o(.text)
    EXTI2_IRQHandler                         0x0800021f   Thumb Code     0  startup_stm32f103xe.o(.text)
    EXTI3_IRQHandler                         0x0800021f   Thumb Code     0  startup_stm32f103xe.o(.text)
    EXTI4_IRQHandler                         0x0800021f   Thumb Code     0  startup_stm32f103xe.o(.text)
    EXTI9_5_IRQHandler                       0x0800021f   Thumb Code     0  startup_stm32f103xe.o(.text)
    FLASH_IRQHandler                         0x0800021f   Thumb Code     0  startup_stm32f103xe.o(.text)
    FSMC_IRQHandler                          0x0800021f   Thumb Code     0  startup_stm32f103xe.o(.text)
    I2C1_ER_IRQHandler                       0x0800021f   Thumb Code     0  startup_stm32f103xe.o(.text)
    I2C1_EV_IRQHandler                       0x0800021f   Thumb Code     0  startup_stm32f103xe.o(.text)
    I2C2_ER_IRQHandler                       0x0800021f   Thumb Code     0  startup_stm32f103xe.o(.text)
    I2C2_EV_IRQHandler                       0x0800021f   Thumb Code     0  startup_stm32f103xe.o(.text)
    PVD_IRQHandler                           0x0800021f   Thumb Code     0  startup_stm32f103xe.o(.text)
    RTC_Alarm_IRQHandler                     0x0800021f   Thumb Code     0  startup_stm32f103xe.o(.text)
    RTC_IRQHandler                           0x0800021f   Thumb Code     0  startup_stm32f103xe.o(.text)
    SDIO_IRQHandler                          0x0800021f   Thumb Code     0  startup_stm32f103xe.o(.text)
    SPI1_IRQHandler                          0x0800021f   Thumb Code     0  startup_stm32f103xe.o(.text)
    SPI2_IRQHandler                          0x0800021f   Thumb Code     0  startup_stm32f103xe.o(.text)
    SPI3_IRQHandler                          0x0800021f   Thumb Code     0  startup_stm32f103xe.o(.text)
    TAMPER_IRQHandler                        0x0800021f   Thumb Code     0  startup_stm32f103xe.o(.text)
    TIM2_IRQHandler                          0x0800021f   Thumb Code     0  startup_stm32f103xe.o(.text)
    TIM4_IRQHandler                          0x0800021f   Thumb Code     0  startup_stm32f103xe.o(.text)
    TIM5_IRQHandler                          0x0800021f   Thumb Code     0  startup_stm32f103xe.o(.text)
    TIM6_IRQHandler                          0x0800021f   Thumb Code     0  startup_stm32f103xe.o(.text)
    TIM7_IRQHandler                          0x0800021f   Thumb Code     0  startup_stm32f103xe.o(.text)
    TIM8_BRK_IRQHandler                      0x0800021f   Thumb Code     0  startup_stm32f103xe.o(.text)
    TIM8_CC_IRQHandler                       0x0800021f   Thumb Code     0  startup_stm32f103xe.o(.text)
    TIM8_TRG_COM_IRQHandler                  0x0800021f   Thumb Code     0  startup_stm32f103xe.o(.text)
    TIM8_UP_IRQHandler                       0x0800021f   Thumb Code     0  startup_stm32f103xe.o(.text)
    UART4_IRQHandler                         0x0800021f   Thumb Code     0  startup_stm32f103xe.o(.text)
    UART5_IRQHandler                         0x0800021f   Thumb Code     0  startup_stm32f103xe.o(.text)
    USART1_IRQHandler                        0x0800021f   Thumb Code     0  startup_stm32f103xe.o(.text)
    USART2_IRQHandler                        0x0800021f   Thumb Code     0  startup_stm32f103xe.o(.text)
    USART3_IRQHandler                        0x0800021f   Thumb Code     0  startup_stm32f103xe.o(.text)
    USBWakeUp_IRQHandler                     0x0800021f   Thumb Code     0  startup_stm32f103xe.o(.text)
    WWDG_IRQHandler                          0x0800021f   Thumb Code     0  startup_stm32f103xe.o(.text)
    __user_initial_stackheap                 0x08000221   Thumb Code     0  startup_stm32f103xe.o(.text)
    srand                                    0x08000245   Thumb Code    42  rand.o(.text)
    _rand_init                               0x0800026f   Thumb Code     4  rand.o(.text)
    __aeabi_memclr4                          0x08000281   Thumb Code     0  rt_memclr_w.o(.text)
    __aeabi_memclr8                          0x08000281   Thumb Code     0  rt_memclr_w.o(.text)
    __rt_memclr_w                            0x08000281   Thumb Code    78  rt_memclr_w.o(.text)
    _memset_w                                0x08000285   Thumb Code     0  rt_memclr_w.o(.text)
    __use_two_region_memory                  0x080002cf   Thumb Code     2  heapauxi.o(.text)
    __rt_heap_escrow$2region                 0x080002d1   Thumb Code     2  heapauxi.o(.text)
    __rt_heap_expand$2region                 0x080002d3   Thumb Code     2  heapauxi.o(.text)
    __read_errno                             0x080002d5   Thumb Code    10  _rserrno.o(.text)
    __set_errno                              0x080002df   Thumb Code    12  _rserrno.o(.text)
    __aeabi_errno_addr                       0x080002ed   Thumb Code     8  rt_errno_addr_intlibspace.o(.text)
    __errno$intlibspace                      0x080002ed   Thumb Code     0  rt_errno_addr_intlibspace.o(.text)
    __rt_errno_addr$intlibspace              0x080002ed   Thumb Code     0  rt_errno_addr_intlibspace.o(.text)
    __user_libspace                          0x080002f5   Thumb Code     8  libspace.o(.text)
    __user_perproc_libspace                  0x080002f5   Thumb Code     0  libspace.o(.text)
    __user_perthread_libspace                0x080002f5   Thumb Code     0  libspace.o(.text)
    __user_setup_stackheap                   0x080002fd   Thumb Code    74  sys_stackheap_outer.o(.text)
    exit                                     0x08000347   Thumb Code    18  exit.o(.text)
    __I$use$semihosting                      0x08000359   Thumb Code     0  use_no_semi.o(.text)
    __use_no_semihosting_swi                 0x08000359   Thumb Code     2  use_no_semi.o(.text)
    __semihosting_library_function           0x0800035b   Thumb Code     0  indicate_semi.o(.text)
    _sys_exit                                0x0800035d   Thumb Code     8  sys_exit.o(.text)
    BusFault_Handler                         0x08000369   Thumb Code     2  stm32f1xx_it.o(i.BusFault_Handler)
    CAN1_RX1_IRQHandler                      0x0800036d   Thumb Code     6  stm32f1xx_it.o(i.CAN1_RX1_IRQHandler)
    CAN1_SCE_IRQHandler                      0x08000379   Thumb Code     6  stm32f1xx_it.o(i.CAN1_SCE_IRQHandler)
    DWT_GetDeltaT                            0x08000385   Thumb Code    42  bsp_dwt.o(i.DWT_GetDeltaT)
    DWT_Init                                 0x080003b9   Thumb Code    34  bsp_dwt.o(i.DWT_Init)
    DebugMon_Handler                         0x080003ed   Thumb Code     2  stm32f1xx_it.o(i.DebugMon_Handler)
    Error_Handler                            0x080003ef   Thumb Code     4  main.o(i.Error_Handler)
    Get_Motor_Angle                          0x08000491   Thumb Code     4  motor_simulation.o(i.Get_Motor_Angle)
    Get_Motor_Current                        0x08000495   Thumb Code     4  motor_simulation.o(i.Get_Motor_Current)
    Get_Motor_Velocity                       0x08000499   Thumb Code     4  motor_simulation.o(i.Get_Motor_Velocity)
    HAL_CAN_ErrorCallback                    0x0800049d   Thumb Code     2  stm32f1xx_hal_can.o(i.HAL_CAN_ErrorCallback)
    HAL_CAN_IRQHandler                       0x0800049f   Thumb Code   508  stm32f1xx_hal_can.o(i.HAL_CAN_IRQHandler)
    HAL_CAN_Init                             0x0800069b   Thumb Code   282  stm32f1xx_hal_can.o(i.HAL_CAN_Init)
    HAL_CAN_MspInit                          0x080007b5   Thumb Code   160  can.o(i.HAL_CAN_MspInit)
    HAL_CAN_RxFifo0FullCallback              0x08000861   Thumb Code     2  stm32f1xx_hal_can.o(i.HAL_CAN_RxFifo0FullCallback)
    HAL_CAN_RxFifo0MsgPendingCallback        0x08000863   Thumb Code     2  stm32f1xx_hal_can.o(i.HAL_CAN_RxFifo0MsgPendingCallback)
    HAL_CAN_RxFifo1FullCallback              0x08000865   Thumb Code     2  stm32f1xx_hal_can.o(i.HAL_CAN_RxFifo1FullCallback)
    HAL_CAN_RxFifo1MsgPendingCallback        0x08000867   Thumb Code     2  stm32f1xx_hal_can.o(i.HAL_CAN_RxFifo1MsgPendingCallback)
    HAL_CAN_SleepCallback                    0x08000869   Thumb Code     2  stm32f1xx_hal_can.o(i.HAL_CAN_SleepCallback)
    HAL_CAN_TxMailbox0AbortCallback          0x0800086b   Thumb Code     2  stm32f1xx_hal_can.o(i.HAL_CAN_TxMailbox0AbortCallback)
    HAL_CAN_TxMailbox0CompleteCallback       0x0800086d   Thumb Code     2  stm32f1xx_hal_can.o(i.HAL_CAN_TxMailbox0CompleteCallback)
    HAL_CAN_TxMailbox1AbortCallback          0x0800086f   Thumb Code     2  stm32f1xx_hal_can.o(i.HAL_CAN_TxMailbox1AbortCallback)
    HAL_CAN_TxMailbox1CompleteCallback       0x08000871   Thumb Code     2  stm32f1xx_hal_can.o(i.HAL_CAN_TxMailbox1CompleteCallback)
    HAL_CAN_TxMailbox2AbortCallback          0x08000873   Thumb Code     2  stm32f1xx_hal_can.o(i.HAL_CAN_TxMailbox2AbortCallback)
    HAL_CAN_TxMailbox2CompleteCallback       0x08000875   Thumb Code     2  stm32f1xx_hal_can.o(i.HAL_CAN_TxMailbox2CompleteCallback)
    HAL_CAN_WakeUpFromRxMsgCallback          0x08000877   Thumb Code     2  stm32f1xx_hal_can.o(i.HAL_CAN_WakeUpFromRxMsgCallback)
    HAL_Delay                                0x08000879   Thumb Code    32  stm32f1xx_hal.o(i.HAL_Delay)
    HAL_GPIO_Init                            0x0800089d   Thumb Code   462  stm32f1xx_hal_gpio.o(i.HAL_GPIO_Init)
    HAL_GetTick                              0x08000a95   Thumb Code     6  stm32f1xx_hal.o(i.HAL_GetTick)
    HAL_IncTick                              0x08000aa1   Thumb Code    12  stm32f1xx_hal.o(i.HAL_IncTick)
    HAL_Init                                 0x08000ab1   Thumb Code    32  stm32f1xx_hal.o(i.HAL_Init)
    HAL_InitTick                             0x08000ad5   Thumb Code    54  stm32f1xx_hal.o(i.HAL_InitTick)
    HAL_MspInit                              0x08000b15   Thumb Code    68  stm32f1xx_hal_msp.o(i.HAL_MspInit)
    HAL_NVIC_EnableIRQ                       0x08000b61   Thumb Code    26  stm32f1xx_hal_cortex.o(i.HAL_NVIC_EnableIRQ)
    HAL_NVIC_SetPriority                     0x08000b7d   Thumb Code    60  stm32f1xx_hal_cortex.o(i.HAL_NVIC_SetPriority)
    HAL_NVIC_SetPriorityGrouping             0x08000bbd   Thumb Code    26  stm32f1xx_hal_cortex.o(i.HAL_NVIC_SetPriorityGrouping)
    HAL_RCC_ClockConfig                      0x08000be1   Thumb Code   280  stm32f1xx_hal_rcc.o(i.HAL_RCC_ClockConfig)
    HAL_RCC_GetSysClockFreq                  0x08000d0d   Thumb Code    58  stm32f1xx_hal_rcc.o(i.HAL_RCC_GetSysClockFreq)
    HAL_RCC_OscConfig                        0x08000d59   Thumb Code   778  stm32f1xx_hal_rcc.o(i.HAL_RCC_OscConfig)
    HAL_SYSTICK_Config                       0x08001079   Thumb Code    40  stm32f1xx_hal_cortex.o(i.HAL_SYSTICK_Config)
    HAL_TIMEx_BreakCallback                  0x080010a1   Thumb Code     2  stm32f1xx_hal_tim_ex.o(i.HAL_TIMEx_BreakCallback)
    HAL_TIMEx_CommutCallback                 0x080010a3   Thumb Code     2  stm32f1xx_hal_tim_ex.o(i.HAL_TIMEx_CommutCallback)
    HAL_TIMEx_ConfigBreakDeadTime            0x080010a5   Thumb Code    84  stm32f1xx_hal_tim_ex.o(i.HAL_TIMEx_ConfigBreakDeadTime)
    HAL_TIMEx_MasterConfigSynchronization    0x080010f9   Thumb Code   104  stm32f1xx_hal_tim_ex.o(i.HAL_TIMEx_MasterConfigSynchronization)
    HAL_TIM_Base_Init                        0x08001175   Thumb Code    90  stm32f1xx_hal_tim.o(i.HAL_TIM_Base_Init)
    HAL_TIM_Base_MspInit                     0x080011d1   Thumb Code    50  tim.o(i.HAL_TIM_Base_MspInit)
    HAL_TIM_ConfigClockSource                0x0800120d   Thumb Code   220  stm32f1xx_hal_tim.o(i.HAL_TIM_ConfigClockSource)
    HAL_TIM_IC_CaptureCallback               0x080012e9   Thumb Code     2  stm32f1xx_hal_tim.o(i.HAL_TIM_IC_CaptureCallback)
    HAL_TIM_IRQHandler                       0x080012eb   Thumb Code   304  stm32f1xx_hal_tim.o(i.HAL_TIM_IRQHandler)
    HAL_TIM_MspPostInit                      0x0800141d   Thumb Code    64  tim.o(i.HAL_TIM_MspPostInit)
    HAL_TIM_OC_DelayElapsedCallback          0x08001469   Thumb Code     2  stm32f1xx_hal_tim.o(i.HAL_TIM_OC_DelayElapsedCallback)
    HAL_TIM_PWM_ConfigChannel                0x0800146b   Thumb Code   204  stm32f1xx_hal_tim.o(i.HAL_TIM_PWM_ConfigChannel)
    HAL_TIM_PWM_Init                         0x08001537   Thumb Code    90  stm32f1xx_hal_tim.o(i.HAL_TIM_PWM_Init)
    HAL_TIM_PWM_MspInit                      0x08001591   Thumb Code    98  tim.o(i.HAL_TIM_PWM_MspInit)
    HAL_TIM_PWM_PulseFinishedCallback        0x080015fd   Thumb Code     2  stm32f1xx_hal_tim.o(i.HAL_TIM_PWM_PulseFinishedCallback)
    HAL_TIM_PeriodElapsedCallback            0x080015ff   Thumb Code     2  stm32f1xx_hal_tim.o(i.HAL_TIM_PeriodElapsedCallback)
    HAL_TIM_TriggerCallback                  0x08001601   Thumb Code     2  stm32f1xx_hal_tim.o(i.HAL_TIM_TriggerCallback)
    HardFault_Handler                        0x08001603   Thumb Code     2  stm32f1xx_it.o(i.HardFault_Handler)
    MX_CAN_Init                              0x08001605   Thumb Code    52  can.o(i.MX_CAN_Init)
    MX_GPIO_Init                             0x08001641   Thumb Code    38  gpio.o(i.MX_GPIO_Init)
    MX_TIM1_Init                             0x0800166d   Thumb Code   170  tim.o(i.MX_TIM1_Init)
    MX_TIM3_Init                             0x08001721   Thumb Code    96  tim.o(i.MX_TIM3_Init)
    MemManage_Handler                        0x08001789   Thumb Code     2  stm32f1xx_it.o(i.MemManage_Handler)
    Motor_Object_Init                        0x0800178d   Thumb Code    50  motor_simulation.o(i.Motor_Object_Init)
    Motor_Simulation                         0x080017dd   Thumb Code   424  motor_simulation.o(i.Motor_Simulation)
    NMI_Handler                              0x08001999   Thumb Code     2  stm32f1xx_it.o(i.NMI_Handler)
    PID_ACalc                                0x0800199d   Thumb Code   104  main.o(i.PID_ACalc)
    PID_VCalc                                0x08001a09   Thumb Code   104  main.o(i.PID_VCalc)
    PendSV_Handler                           0x08001a75   Thumb Code     2  stm32f1xx_it.o(i.PendSV_Handler)
    RCC_IRQHandler                           0x08001a77   Thumb Code     2  stm32f1xx_it.o(i.RCC_IRQHandler)
    SVC_Handler                              0x08001a79   Thumb Code     2  stm32f1xx_it.o(i.SVC_Handler)
    SysTick_Handler                          0x08001a7b   Thumb Code     4  stm32f1xx_it.o(i.SysTick_Handler)
    SystemClock_Config                       0x08001a7f   Thumb Code    94  main.o(i.SystemClock_Config)
    SystemInit                               0x08001add   Thumb Code     2  system_stm32f1xx.o(i.SystemInit)
    TIM1_BRK_IRQHandler                      0x08001ae1   Thumb Code     6  stm32f1xx_it.o(i.TIM1_BRK_IRQHandler)
    TIM1_CC_IRQHandler                       0x08001aed   Thumb Code     6  stm32f1xx_it.o(i.TIM1_CC_IRQHandler)
    TIM1_TRG_COM_IRQHandler                  0x08001af9   Thumb Code     6  stm32f1xx_it.o(i.TIM1_TRG_COM_IRQHandler)
    TIM1_UP_IRQHandler                       0x08001b05   Thumb Code     6  stm32f1xx_it.o(i.TIM1_UP_IRQHandler)
    TIM3_IRQHandler                          0x08001b11   Thumb Code     6  stm32f1xx_it.o(i.TIM3_IRQHandler)
    TIM_Base_SetConfig                       0x08001b1d   Thumb Code   134  stm32f1xx_hal_tim.o(i.TIM_Base_SetConfig)
    TIM_ETR_SetConfig                        0x08001bb9   Thumb Code    20  stm32f1xx_hal_tim.o(i.TIM_ETR_SetConfig)
    TIM_OC2_SetConfig                        0x08001c3d   Thumb Code    98  stm32f1xx_hal_tim.o(i.TIM_OC2_SetConfig)
    USB_HP_CAN1_TX_IRQHandler                0x08001da9   Thumb Code     6  stm32f1xx_it.o(i.USB_HP_CAN1_TX_IRQHandler)
    USB_LP_CAN1_RX0_IRQHandler               0x08001db5   Thumb Code     6  stm32f1xx_it.o(i.USB_LP_CAN1_RX0_IRQHandler)
    UsageFault_Handler                       0x08001dc1   Thumb Code     2  stm32f1xx_it.o(i.UsageFault_Handler)
    __ARM_fpclassifyf                        0x08001dc3   Thumb Code    38  fpclassifyf.o(i.__ARM_fpclassifyf)
    __mathlib_flt_divzero                    0x08001e09   Thumb Code    10  funder.o(i.__mathlib_flt_divzero)
    __mathlib_flt_infnan                     0x08001e13   Thumb Code     6  funder.o(i.__mathlib_flt_infnan)
    __mathlib_flt_invalid                    0x08001e19   Thumb Code     8  funder.o(i.__mathlib_flt_invalid)
    __mathlib_flt_underflow                  0x08001e21   Thumb Code    10  funder.o(i.__mathlib_flt_underflow)
    __mathlib_rredf2                         0x08001e2d   Thumb Code   344  rredf.o(i.__mathlib_rredf2)
    cosf                                     0x08001f95   Thumb Code   328  cosf.o(i.cosf)
    __mathlib_logf                           0x08002131   Thumb Code     0  logf.o(i.logf)
    logf                                     0x08002131   Thumb Code   362  logf.o(i.logf)
    main                                     0x080022c1   Thumb Code   162  main.o(i.main)
    pida_Init                                0x0800236d   Thumb Code    32  main.o(i.pida_Init)
    pidv_Init                                0x08002395   Thumb Code    34  main.o(i.pidv_Init)
    sinf                                     0x080023c1   Thumb Code   338  sinf.o(i.sinf)
    sqrtf                                    0x08002549   Thumb Code    44  sqrtf.o(i.sqrtf)
    __aeabi_d2f                              0x08002575   Thumb Code     0  d2f.o(x$fpl$d2f)
    _d2f                                     0x08002575   Thumb Code    98  d2f.o(x$fpl$d2f)
    __fpl_dcheck_NaN1                        0x080025d9   Thumb Code    10  dcheck1.o(x$fpl$dcheck1)
    __aeabi_i2d                              0x080025e9   Thumb Code     0  dflt_clz.o(x$fpl$dflt)
    _dflt                                    0x080025e9   Thumb Code    46  dflt_clz.o(x$fpl$dflt)
    __aeabi_dmul                             0x08002619   Thumb Code     0  dmul.o(x$fpl$dmul)
    _dmul                                    0x08002619   Thumb Code   332  dmul.o(x$fpl$dmul)
    __fpl_dnaninf                            0x0800276d   Thumb Code   156  dnaninf.o(x$fpl$dnaninf)
    __fpl_dretinf                            0x08002809   Thumb Code    12  dretinf.o(x$fpl$dretinf)
    __aeabi_f2d                              0x08002815   Thumb Code     0  f2d.o(x$fpl$f2d)
    _f2d                                     0x08002815   Thumb Code    86  f2d.o(x$fpl$f2d)
    __aeabi_fadd                             0x0800286d   Thumb Code     0  faddsub_clz.o(x$fpl$fadd)
    _fadd                                    0x0800286d   Thumb Code   196  faddsub_clz.o(x$fpl$fadd)
    __fpl_fcheck_NaN1                        0x08002931   Thumb Code     6  fcheck1.o(x$fpl$fcheck1)
    __fpl_fcmp_Inf                           0x0800293d   Thumb Code    24  fcmpi.o(x$fpl$fcmpinf)
    __aeabi_fdiv                             0x08002955   Thumb Code     0  fdiv.o(x$fpl$fdiv)
    _fdiv                                    0x08002955   Thumb Code   384  fdiv.o(x$fpl$fdiv)
    __aeabi_f2iz                             0x08002ad9   Thumb Code     0  ffix.o(x$fpl$ffix)
    _ffix                                    0x08002ad9   Thumb Code    54  ffix.o(x$fpl$ffix)
    __aeabi_i2f                              0x08002b11   Thumb Code     0  fflt_clz.o(x$fpl$fflt)
    _fflt                                    0x08002b11   Thumb Code    48  fflt_clz.o(x$fpl$fflt)
    __aeabi_ui2f                             0x08002b41   Thumb Code     0  fflt_clz.o(x$fpl$ffltu)
    _ffltu                                   0x08002b41   Thumb Code    38  fflt_clz.o(x$fpl$ffltu)
    __aeabi_cfcmple                          0x08002b69   Thumb Code     0  fleqf.o(x$fpl$fleqf)
    _fcmple                                  0x08002b69   Thumb Code   104  fleqf.o(x$fpl$fleqf)
    __fpl_fcmple_InfNaN                      0x08002bbb   Thumb Code     0  fleqf.o(x$fpl$fleqf)
    __aeabi_fmul                             0x08002bd1   Thumb Code     0  fmul.o(x$fpl$fmul)
    _fmul                                    0x08002bd1   Thumb Code   258  fmul.o(x$fpl$fmul)
    __fpl_fnaninf                            0x08002cd3   Thumb Code   140  fnaninf.o(x$fpl$fnaninf)
    __fpl_fretinf                            0x08002d5f   Thumb Code    10  fretinf.o(x$fpl$fretinf)
    __aeabi_cfrcmple                         0x08002d69   Thumb Code     0  frleqf.o(x$fpl$frleqf)
    _frcmple                                 0x08002d69   Thumb Code    98  frleqf.o(x$fpl$frleqf)
    _frnd                                    0x08002dcd   Thumb Code    96  frnd.o(x$fpl$frnd)
    __aeabi_frsub                            0x08002e2d   Thumb Code     0  faddsub_clz.o(x$fpl$frsb)
    _frsb                                    0x08002e2d   Thumb Code    20  faddsub_clz.o(x$fpl$frsb)
    _fsqrt                                   0x08002e41   Thumb Code   272  fsqrt.o(x$fpl$fsqrt)
    __aeabi_fsub                             0x08002f51   Thumb Code     0  faddsub_clz.o(x$fpl$fsub)
    _fsub                                    0x08002f51   Thumb Code   234  faddsub_clz.o(x$fpl$fsub)
    __fpl_return_NaN                         0x0800303b   Thumb Code   100  retnan.o(x$fpl$retnan)
    __ARM_scalbn                             0x0800309f   Thumb Code    92  scalbn.o(x$fpl$scalbn)
    __ARM_scalbnf                            0x080030fb   Thumb Code    76  scalbnf.o(x$fpl$scalbnf)
    __fpl_cmpreturn                          0x08003147   Thumb Code    48  trapv.o(x$fpl$trapveneer)
    __I$use$fp                               0x08003176   Number         0  usenofp.o(x$fpl$usenofp)
    AHBPrescTable                            0x08003188   Data          16  system_stm32f1xx.o(.constdata)
    Region$$Table$$Base                      0x080031f8   Number         0  anon$$obj.o(Region$$Table)
    Region$$Table$$Limit                     0x08003218   Number         0  anon$$obj.o(Region$$Table)
    t                                        0x20000000   Data           4  main.o(.data)
    dt                                       0x20000004   Data           4  main.o(.data)
    input                                    0x20000008   Data           4  main.o(.data)
    type                                     0x2000000c   Data           4  main.o(.data)
    DWT_CNT                                  0x20000010   Data           4  main.o(.data)
    uwTickFreq                               0x20000014   Data           1  stm32f1xx_hal.o(.data)
    uwTickPrio                               0x20000018   Data           4  stm32f1xx_hal.o(.data)
    uwTick                                   0x2000001c   Data           4  stm32f1xx_hal.o(.data)
    SystemCoreClock                          0x20000020   Data           4  system_stm32f1xx.o(.data)
    CPU_FREQ_Hz                              0x20000024   Data           4  bsp_dwt.o(.data)
    pidv                                     0x2000003c   Data          40  main.o(.bss)
    pida                                     0x20000064   Data          40  main.o(.bss)
    Motor                                    0x2000008c   Data          80  main.o(.bss)
    hcan                                     0x200000dc   Data          40  can.o(.bss)
    htim1                                    0x20000104   Data          72  tim.o(.bss)
    htim3                                    0x2000014c   Data          72  tim.o(.bss)
    _random_number_data                      0x20000194   Data         228  rand.o(.bss)
    __libspace_start                         0x20000278   Data          96  libspace.o(.bss)
    __temporary_stack_top$libspace           0x200002d8   Data           0  libspace.o(.bss)



==============================================================================

Memory Map of the image

  Image Entry point : 0x08000131

  Load Region LR_IROM1 (Base: 0x08000000, Size: 0x00003254, Max: 0x00040000, ABSOLUTE)

    Execution Region ER_IROM1 (Exec base: 0x08000000, Load base: 0x08000000, Size: 0x00003218, Max: 0x00040000, ABSOLUTE)

    Exec Addr    Load Addr    Size         Type   Attr      Idx    E Section Name        Object

    0x08000000   0x08000000   0x00000130   Data   RO            3    RESET               startup_stm32f103xe.o
    0x08000130   0x08000130   0x00000008   Code   RO         2849  * !!!main             c_w.l(__main.o)
    0x08000138   0x08000138   0x00000034   Code   RO         3131    !!!scatter          c_w.l(__scatter.o)
    0x0800016c   0x0800016c   0x0000001a   Code   RO         3133    !!handler_copy      c_w.l(__scatter_copy.o)
    0x08000186   0x08000186   0x00000002   PAD
    0x08000188   0x08000188   0x0000001c   Code   RO         3135    !!handler_zi        c_w.l(__scatter_zi.o)
    0x080001a4   0x080001a4   0x00000002   Code   RO         3055    .ARM.Collect$$libinit$$00000000  c_w.l(libinit.o)
    0x080001a6   0x080001a6   0x00000000   Code   RO         2931    .ARM.Collect$$libinit$$00000002  c_w.l(libinit2.o)
    0x080001a6   0x080001a6   0x00000000   Code   RO         2933    .ARM.Collect$$libinit$$00000004  c_w.l(libinit2.o)
    0x080001a6   0x080001a6   0x00000000   Code   RO         2936    .ARM.Collect$$libinit$$0000000A  c_w.l(libinit2.o)
    0x080001a6   0x080001a6   0x00000000   Code   RO         2938    .ARM.Collect$$libinit$$0000000C  c_w.l(libinit2.o)
    0x080001a6   0x080001a6   0x00000004   Code   RO         2939    .ARM.Collect$$libinit$$0000000D  c_w.l(libinit2.o)
    0x080001aa   0x080001aa   0x00000000   Code   RO         2940    .ARM.Collect$$libinit$$0000000E  c_w.l(libinit2.o)
    0x080001aa   0x080001aa   0x00000000   Code   RO         2943    .ARM.Collect$$libinit$$00000011  c_w.l(libinit2.o)
    0x080001aa   0x080001aa   0x00000000   Code   RO         2945    .ARM.Collect$$libinit$$00000013  c_w.l(libinit2.o)
    0x080001aa   0x080001aa   0x00000000   Code   RO         2947    .ARM.Collect$$libinit$$00000015  c_w.l(libinit2.o)
    0x080001aa   0x080001aa   0x00000000   Code   RO         2949    .ARM.Collect$$libinit$$00000017  c_w.l(libinit2.o)
    0x080001aa   0x080001aa   0x00000000   Code   RO         2951    .ARM.Collect$$libinit$$00000019  c_w.l(libinit2.o)
    0x080001aa   0x080001aa   0x00000000   Code   RO         2953    .ARM.Collect$$libinit$$0000001B  c_w.l(libinit2.o)
    0x080001aa   0x080001aa   0x00000000   Code   RO         2955    .ARM.Collect$$libinit$$0000001D  c_w.l(libinit2.o)
    0x080001aa   0x080001aa   0x00000000   Code   RO         2957    .ARM.Collect$$libinit$$0000001F  c_w.l(libinit2.o)
    0x080001aa   0x080001aa   0x00000000   Code   RO         2959    .ARM.Collect$$libinit$$00000021  c_w.l(libinit2.o)
    0x080001aa   0x080001aa   0x00000000   Code   RO         2961    .ARM.Collect$$libinit$$00000023  c_w.l(libinit2.o)
    0x080001aa   0x080001aa   0x00000000   Code   RO         2963    .ARM.Collect$$libinit$$00000025  c_w.l(libinit2.o)
    0x080001aa   0x080001aa   0x00000000   Code   RO         2967    .ARM.Collect$$libinit$$0000002C  c_w.l(libinit2.o)
    0x080001aa   0x080001aa   0x00000000   Code   RO         2969    .ARM.Collect$$libinit$$0000002E  c_w.l(libinit2.o)
    0x080001aa   0x080001aa   0x00000000   Code   RO         2971    .ARM.Collect$$libinit$$00000030  c_w.l(libinit2.o)
    0x080001aa   0x080001aa   0x00000000   Code   RO         2973    .ARM.Collect$$libinit$$00000032  c_w.l(libinit2.o)
    0x080001aa   0x080001aa   0x00000002   Code   RO         2974    .ARM.Collect$$libinit$$00000033  c_w.l(libinit2.o)
    0x080001ac   0x080001ac   0x00000002   Code   RO         3092    .ARM.Collect$$libshutdown$$00000000  c_w.l(libshutdown.o)
    0x080001ae   0x080001ae   0x00000000   Code   RO         3098    .ARM.Collect$$libshutdown$$00000002  c_w.l(libshutdown2.o)
    0x080001ae   0x080001ae   0x00000000   Code   RO         3100    .ARM.Collect$$libshutdown$$00000004  c_w.l(libshutdown2.o)
    0x080001ae   0x080001ae   0x00000000   Code   RO         3103    .ARM.Collect$$libshutdown$$00000007  c_w.l(libshutdown2.o)
    0x080001ae   0x080001ae   0x00000000   Code   RO         3106    .ARM.Collect$$libshutdown$$0000000A  c_w.l(libshutdown2.o)
    0x080001ae   0x080001ae   0x00000000   Code   RO         3108    .ARM.Collect$$libshutdown$$0000000C  c_w.l(libshutdown2.o)
    0x080001ae   0x080001ae   0x00000000   Code   RO         3111    .ARM.Collect$$libshutdown$$0000000F  c_w.l(libshutdown2.o)
    0x080001ae   0x080001ae   0x00000002   Code   RO         3112    .ARM.Collect$$libshutdown$$00000010  c_w.l(libshutdown2.o)
    0x080001b0   0x080001b0   0x00000000   Code   RO         2927    .ARM.Collect$$rtentry$$00000000  c_w.l(__rtentry.o)
    0x080001b0   0x080001b0   0x00000000   Code   RO         3014    .ARM.Collect$$rtentry$$00000002  c_w.l(__rtentry2.o)
    0x080001b0   0x080001b0   0x00000006   Code   RO         3026    .ARM.Collect$$rtentry$$00000004  c_w.l(__rtentry4.o)
    0x080001b6   0x080001b6   0x00000000   Code   RO         3016    .ARM.Collect$$rtentry$$00000009  c_w.l(__rtentry2.o)
    0x080001b6   0x080001b6   0x00000004   Code   RO         3017    .ARM.Collect$$rtentry$$0000000A  c_w.l(__rtentry2.o)
    0x080001ba   0x080001ba   0x00000000   Code   RO         3019    .ARM.Collect$$rtentry$$0000000C  c_w.l(__rtentry2.o)
    0x080001ba   0x080001ba   0x00000008   Code   RO         3020    .ARM.Collect$$rtentry$$0000000D  c_w.l(__rtentry2.o)
    0x080001c2   0x080001c2   0x00000002   Code   RO         3060    .ARM.Collect$$rtexit$$00000000  c_w.l(rtexit.o)
    0x080001c4   0x080001c4   0x00000000   Code   RO         3072    .ARM.Collect$$rtexit$$00000002  c_w.l(rtexit2.o)
    0x080001c4   0x080001c4   0x00000004   Code   RO         3073    .ARM.Collect$$rtexit$$00000003  c_w.l(rtexit2.o)
    0x080001c8   0x080001c8   0x00000006   Code   RO         3074    .ARM.Collect$$rtexit$$00000004  c_w.l(rtexit2.o)
    0x080001ce   0x080001ce   0x00000002   PAD
    0x080001d0   0x080001d0   0x00000034   Code   RO         2840    .emb_text           c_w.l(rand.o)
    0x08000204   0x08000204   0x00000040   Code   RO            4    .text               startup_stm32f103xe.o
    0x08000244   0x08000244   0x0000003c   Code   RO         2841    .text               c_w.l(rand.o)
    0x08000280   0x08000280   0x0000004e   Code   RO         2845    .text               c_w.l(rt_memclr_w.o)
    0x080002ce   0x080002ce   0x00000006   Code   RO         2847    .text               c_w.l(heapauxi.o)
    0x080002d4   0x080002d4   0x00000016   Code   RO         2928    .text               c_w.l(_rserrno.o)
    0x080002ea   0x080002ea   0x00000002   PAD
    0x080002ec   0x080002ec   0x00000008   Code   RO         3031    .text               c_w.l(rt_errno_addr_intlibspace.o)
    0x080002f4   0x080002f4   0x00000008   Code   RO         3039    .text               c_w.l(libspace.o)
    0x080002fc   0x080002fc   0x0000004a   Code   RO         3042    .text               c_w.l(sys_stackheap_outer.o)
    0x08000346   0x08000346   0x00000012   Code   RO         3044    .text               c_w.l(exit.o)
    0x08000358   0x08000358   0x00000002   Code   RO         3068    .text               c_w.l(use_no_semi.o)
    0x0800035a   0x0800035a   0x00000000   Code   RO         3070    .text               c_w.l(indicate_semi.o)
    0x0800035a   0x0800035a   0x00000002   PAD
    0x0800035c   0x0800035c   0x0000000c   Code   RO         3084    .text               c_w.l(sys_exit.o)
    0x08000368   0x08000368   0x00000002   Code   RO          322    i.BusFault_Handler  stm32f1xx_it.o
    0x0800036a   0x0800036a   0x00000002   PAD
    0x0800036c   0x0800036c   0x0000000c   Code   RO          323    i.CAN1_RX1_IRQHandler  stm32f1xx_it.o
    0x08000378   0x08000378   0x0000000c   Code   RO          324    i.CAN1_SCE_IRQHandler  stm32f1xx_it.o
    0x08000384   0x08000384   0x00000034   Code   RO         2740    i.DWT_GetDeltaT     bsp_dwt.o
    0x080003b8   0x080003b8   0x00000034   Code   RO         2741    i.DWT_Init          bsp_dwt.o
    0x080003ec   0x080003ec   0x00000002   Code   RO          325    i.DebugMon_Handler  stm32f1xx_it.o
    0x080003ee   0x080003ee   0x00000004   Code   RO           13    i.Error_Handler     main.o
    0x080003f2   0x080003f2   0x00000002   PAD
    0x080003f4   0x080003f4   0x0000009c   Code   RO         2773    i.Gauss_Rand        motor_simulationM3.lib(motor_simulation.o)
    0x08000490   0x08000490   0x00000004   Code   RO         2774    i.Get_Motor_Angle   motor_simulationM3.lib(motor_simulation.o)
    0x08000494   0x08000494   0x00000004   Code   RO         2775    i.Get_Motor_Current  motor_simulationM3.lib(motor_simulation.o)
    0x08000498   0x08000498   0x00000004   Code   RO         2776    i.Get_Motor_Velocity  motor_simulationM3.lib(motor_simulation.o)
    0x0800049c   0x0800049c   0x00000002   Code   RO          524    i.HAL_CAN_ErrorCallback  stm32f1xx_hal_can.o
    0x0800049e   0x0800049e   0x000001fc   Code   RO          531    i.HAL_CAN_IRQHandler  stm32f1xx_hal_can.o
    0x0800069a   0x0800069a   0x0000011a   Code   RO          532    i.HAL_CAN_Init      stm32f1xx_hal_can.o
    0x080007b4   0x080007b4   0x000000ac   Code   RO          215    i.HAL_CAN_MspInit   can.o
    0x08000860   0x08000860   0x00000002   Code   RO          539    i.HAL_CAN_RxFifo0FullCallback  stm32f1xx_hal_can.o
    0x08000862   0x08000862   0x00000002   Code   RO          540    i.HAL_CAN_RxFifo0MsgPendingCallback  stm32f1xx_hal_can.o
    0x08000864   0x08000864   0x00000002   Code   RO          541    i.HAL_CAN_RxFifo1FullCallback  stm32f1xx_hal_can.o
    0x08000866   0x08000866   0x00000002   Code   RO          542    i.HAL_CAN_RxFifo1MsgPendingCallback  stm32f1xx_hal_can.o
    0x08000868   0x08000868   0x00000002   Code   RO          543    i.HAL_CAN_SleepCallback  stm32f1xx_hal_can.o
    0x0800086a   0x0800086a   0x00000002   Code   RO          546    i.HAL_CAN_TxMailbox0AbortCallback  stm32f1xx_hal_can.o
    0x0800086c   0x0800086c   0x00000002   Code   RO          547    i.HAL_CAN_TxMailbox0CompleteCallback  stm32f1xx_hal_can.o
    0x0800086e   0x0800086e   0x00000002   Code   RO          548    i.HAL_CAN_TxMailbox1AbortCallback  stm32f1xx_hal_can.o
    0x08000870   0x08000870   0x00000002   Code   RO          549    i.HAL_CAN_TxMailbox1CompleteCallback  stm32f1xx_hal_can.o
    0x08000872   0x08000872   0x00000002   Code   RO          550    i.HAL_CAN_TxMailbox2AbortCallback  stm32f1xx_hal_can.o
    0x08000874   0x08000874   0x00000002   Code   RO          551    i.HAL_CAN_TxMailbox2CompleteCallback  stm32f1xx_hal_can.o
    0x08000876   0x08000876   0x00000002   Code   RO          553    i.HAL_CAN_WakeUpFromRxMsgCallback  stm32f1xx_hal_can.o
    0x08000878   0x08000878   0x00000024   Code   RO          759    i.HAL_Delay         stm32f1xx_hal.o
    0x0800089c   0x0800089c   0x000001f8   Code   RO         1069    i.HAL_GPIO_Init     stm32f1xx_hal_gpio.o
    0x08000a94   0x08000a94   0x0000000c   Code   RO          763    i.HAL_GetTick       stm32f1xx_hal.o
    0x08000aa0   0x08000aa0   0x00000010   Code   RO          769    i.HAL_IncTick       stm32f1xx_hal.o
    0x08000ab0   0x08000ab0   0x00000024   Code   RO          770    i.HAL_Init          stm32f1xx_hal.o
    0x08000ad4   0x08000ad4   0x00000040   Code   RO          771    i.HAL_InitTick      stm32f1xx_hal.o
    0x08000b14   0x08000b14   0x0000004c   Code   RO          458    i.HAL_MspInit       stm32f1xx_hal_msp.o
    0x08000b60   0x08000b60   0x0000001a   Code   RO         1229    i.HAL_NVIC_EnableIRQ  stm32f1xx_hal_cortex.o
    0x08000b7a   0x08000b7a   0x00000002   PAD
    0x08000b7c   0x08000b7c   0x00000040   Code   RO         1235    i.HAL_NVIC_SetPriority  stm32f1xx_hal_cortex.o
    0x08000bbc   0x08000bbc   0x00000024   Code   RO         1236    i.HAL_NVIC_SetPriorityGrouping  stm32f1xx_hal_cortex.o
    0x08000be0   0x08000be0   0x0000012c   Code   RO          927    i.HAL_RCC_ClockConfig  stm32f1xx_hal_rcc.o
    0x08000d0c   0x08000d0c   0x0000004c   Code   RO          936    i.HAL_RCC_GetSysClockFreq  stm32f1xx_hal_rcc.o
    0x08000d58   0x08000d58   0x00000320   Code   RO          939    i.HAL_RCC_OscConfig  stm32f1xx_hal_rcc.o
    0x08001078   0x08001078   0x00000028   Code   RO         1240    i.HAL_SYSTICK_Config  stm32f1xx_hal_cortex.o
    0x080010a0   0x080010a0   0x00000002   Code   RO         2435    i.HAL_TIMEx_BreakCallback  stm32f1xx_hal_tim_ex.o
    0x080010a2   0x080010a2   0x00000002   Code   RO         2436    i.HAL_TIMEx_CommutCallback  stm32f1xx_hal_tim_ex.o
    0x080010a4   0x080010a4   0x00000054   Code   RO         2438    i.HAL_TIMEx_ConfigBreakDeadTime  stm32f1xx_hal_tim_ex.o
    0x080010f8   0x080010f8   0x0000007c   Code   RO         2454    i.HAL_TIMEx_MasterConfigSynchronization  stm32f1xx_hal_tim_ex.o
    0x08001174   0x08001174   0x0000005a   Code   RO         1731    i.HAL_TIM_Base_Init  stm32f1xx_hal_tim.o
    0x080011ce   0x080011ce   0x00000002   PAD
    0x080011d0   0x080011d0   0x0000003c   Code   RO          257    i.HAL_TIM_Base_MspInit  tim.o
    0x0800120c   0x0800120c   0x000000dc   Code   RO         1740    i.HAL_TIM_ConfigClockSource  stm32f1xx_hal_tim.o
    0x080012e8   0x080012e8   0x00000002   Code   RO         1765    i.HAL_TIM_IC_CaptureCallback  stm32f1xx_hal_tim.o
    0x080012ea   0x080012ea   0x00000130   Code   RO         1779    i.HAL_TIM_IRQHandler  stm32f1xx_hal_tim.o
    0x0800141a   0x0800141a   0x00000002   PAD
    0x0800141c   0x0800141c   0x0000004c   Code   RO          258    i.HAL_TIM_MspPostInit  tim.o
    0x08001468   0x08001468   0x00000002   Code   RO         1782    i.HAL_TIM_OC_DelayElapsedCallback  stm32f1xx_hal_tim.o
    0x0800146a   0x0800146a   0x000000cc   Code   RO         1803    i.HAL_TIM_PWM_ConfigChannel  stm32f1xx_hal_tim.o
    0x08001536   0x08001536   0x0000005a   Code   RO         1806    i.HAL_TIM_PWM_Init  stm32f1xx_hal_tim.o
    0x08001590   0x08001590   0x0000006c   Code   RO          260    i.HAL_TIM_PWM_MspInit  tim.o
    0x080015fc   0x080015fc   0x00000002   Code   RO         1809    i.HAL_TIM_PWM_PulseFinishedCallback  stm32f1xx_hal_tim.o
    0x080015fe   0x080015fe   0x00000002   Code   RO         1817    i.HAL_TIM_PeriodElapsedCallback  stm32f1xx_hal_tim.o
    0x08001600   0x08001600   0x00000002   Code   RO         1822    i.HAL_TIM_TriggerCallback  stm32f1xx_hal_tim.o
    0x08001602   0x08001602   0x00000002   Code   RO          326    i.HardFault_Handler  stm32f1xx_it.o
    0x08001604   0x08001604   0x0000003c   Code   RO          216    i.MX_CAN_Init       can.o
    0x08001640   0x08001640   0x0000002c   Code   RO          190    i.MX_GPIO_Init      gpio.o
    0x0800166c   0x0800166c   0x000000b4   Code   RO          261    i.MX_TIM1_Init      tim.o
    0x08001720   0x08001720   0x00000068   Code   RO          262    i.MX_TIM3_Init      tim.o
    0x08001788   0x08001788   0x00000002   Code   RO          327    i.MemManage_Handler  stm32f1xx_it.o
    0x0800178a   0x0800178a   0x00000002   PAD
    0x0800178c   0x0800178c   0x00000050   Code   RO         2777    i.Motor_Object_Init  motor_simulationM3.lib(motor_simulation.o)
    0x080017dc   0x080017dc   0x000001bc   Code   RO         2778    i.Motor_Simulation  motor_simulationM3.lib(motor_simulation.o)
    0x08001998   0x08001998   0x00000002   Code   RO          328    i.NMI_Handler       stm32f1xx_it.o
    0x0800199a   0x0800199a   0x00000002   PAD
    0x0800199c   0x0800199c   0x0000006c   Code   RO           14    i.PID_ACalc         main.o
    0x08001a08   0x08001a08   0x0000006c   Code   RO           15    i.PID_VCalc         main.o
    0x08001a74   0x08001a74   0x00000002   Code   RO          329    i.PendSV_Handler    stm32f1xx_it.o
    0x08001a76   0x08001a76   0x00000002   Code   RO          330    i.RCC_IRQHandler    stm32f1xx_it.o
    0x08001a78   0x08001a78   0x00000002   Code   RO          331    i.SVC_Handler       stm32f1xx_it.o
    0x08001a7a   0x08001a7a   0x00000004   Code   RO          332    i.SysTick_Handler   stm32f1xx_it.o
    0x08001a7e   0x08001a7e   0x0000005e   Code   RO           16    i.SystemClock_Config  main.o
    0x08001adc   0x08001adc   0x00000002   Code   RO         2703    i.SystemInit        system_stm32f1xx.o
    0x08001ade   0x08001ade   0x00000002   PAD
    0x08001ae0   0x08001ae0   0x0000000c   Code   RO          333    i.TIM1_BRK_IRQHandler  stm32f1xx_it.o
    0x08001aec   0x08001aec   0x0000000c   Code   RO          334    i.TIM1_CC_IRQHandler  stm32f1xx_it.o
    0x08001af8   0x08001af8   0x0000000c   Code   RO          335    i.TIM1_TRG_COM_IRQHandler  stm32f1xx_it.o
    0x08001b04   0x08001b04   0x0000000c   Code   RO          336    i.TIM1_UP_IRQHandler  stm32f1xx_it.o
    0x08001b10   0x08001b10   0x0000000c   Code   RO          337    i.TIM3_IRQHandler   stm32f1xx_it.o
    0x08001b1c   0x08001b1c   0x0000009c   Code   RO         1824    i.TIM_Base_SetConfig  stm32f1xx_hal_tim.o
    0x08001bb8   0x08001bb8   0x00000014   Code   RO         1835    i.TIM_ETR_SetConfig  stm32f1xx_hal_tim.o
    0x08001bcc   0x08001bcc   0x00000010   Code   RO         1836    i.TIM_ITRx_SetConfig  stm32f1xx_hal_tim.o
    0x08001bdc   0x08001bdc   0x00000060   Code   RO         1837    i.TIM_OC1_SetConfig  stm32f1xx_hal_tim.o
    0x08001c3c   0x08001c3c   0x0000006c   Code   RO         1838    i.TIM_OC2_SetConfig  stm32f1xx_hal_tim.o
    0x08001ca8   0x08001ca8   0x00000068   Code   RO         1839    i.TIM_OC3_SetConfig  stm32f1xx_hal_tim.o
    0x08001d10   0x08001d10   0x00000050   Code   RO         1840    i.TIM_OC4_SetConfig  stm32f1xx_hal_tim.o
    0x08001d60   0x08001d60   0x00000022   Code   RO         1842    i.TIM_TI1_ConfigInputStage  stm32f1xx_hal_tim.o
    0x08001d82   0x08001d82   0x00000024   Code   RO         1844    i.TIM_TI2_ConfigInputStage  stm32f1xx_hal_tim.o
    0x08001da6   0x08001da6   0x00000002   PAD
    0x08001da8   0x08001da8   0x0000000c   Code   RO          338    i.USB_HP_CAN1_TX_IRQHandler  stm32f1xx_it.o
    0x08001db4   0x08001db4   0x0000000c   Code   RO          339    i.USB_LP_CAN1_RX0_IRQHandler  stm32f1xx_it.o
    0x08001dc0   0x08001dc0   0x00000002   Code   RO          340    i.UsageFault_Handler  stm32f1xx_it.o
    0x08001dc2   0x08001dc2   0x00000026   Code   RO         2994    i.__ARM_fpclassifyf  m_ws.l(fpclassifyf.o)
    0x08001de8   0x08001de8   0x00000020   Code   RO         1242    i.__NVIC_SetPriority  stm32f1xx_hal_cortex.o
    0x08001e08   0x08001e08   0x0000000a   Code   RO         2996    i.__mathlib_flt_divzero  m_ws.l(funder.o)
    0x08001e12   0x08001e12   0x00000006   Code   RO         2997    i.__mathlib_flt_infnan  m_ws.l(funder.o)
    0x08001e18   0x08001e18   0x00000008   Code   RO         2999    i.__mathlib_flt_invalid  m_ws.l(funder.o)
    0x08001e20   0x08001e20   0x0000000a   Code   RO         3002    i.__mathlib_flt_underflow  m_ws.l(funder.o)
    0x08001e2a   0x08001e2a   0x00000002   PAD
    0x08001e2c   0x08001e2c   0x00000168   Code   RO         3010    i.__mathlib_rredf2  m_ws.l(rredf.o)
    0x08001f94   0x08001f94   0x0000017c   Code   RO         2894    i.cosf              m_ws.l(cosf.o)
    0x08002110   0x08002110   0x00000020   Code   RO         2779    i.float_rounding    motor_simulationM3.lib(motor_simulation.o)
    0x08002130   0x08002130   0x00000190   Code   RO         2902    i.logf              m_ws.l(logf.o)
    0x080022c0   0x080022c0   0x000000ac   Code   RO           17    i.main              main.o
    0x0800236c   0x0800236c   0x00000028   Code   RO           18    i.pida_Init         main.o
    0x08002394   0x08002394   0x0000002c   Code   RO           19    i.pidv_Init         main.o
    0x080023c0   0x080023c0   0x00000188   Code   RO         2912    i.sinf              m_ws.l(sinf.o)
    0x08002548   0x08002548   0x0000002c   Code   RO         2920    i.sqrtf             m_ws.l(sqrtf.o)
    0x08002574   0x08002574   0x00000062   Code   RO         2851    x$fpl$d2f           fz_ws.l(d2f.o)
    0x080025d6   0x080025d6   0x00000002   PAD
    0x080025d8   0x080025d8   0x00000010   Code   RO         2975    x$fpl$dcheck1       fz_ws.l(dcheck1.o)
    0x080025e8   0x080025e8   0x0000002e   Code   RO         2854    x$fpl$dflt          fz_ws.l(dflt_clz.o)
    0x08002616   0x08002616   0x00000002   PAD
    0x08002618   0x08002618   0x00000154   Code   RO         2859    x$fpl$dmul          fz_ws.l(dmul.o)
    0x0800276c   0x0800276c   0x0000009c   Code   RO         2977    x$fpl$dnaninf       fz_ws.l(dnaninf.o)
    0x08002808   0x08002808   0x0000000c   Code   RO         2979    x$fpl$dretinf       fz_ws.l(dretinf.o)
    0x08002814   0x08002814   0x00000056   Code   RO         2861    x$fpl$f2d           fz_ws.l(f2d.o)
    0x0800286a   0x0800286a   0x00000002   PAD
    0x0800286c   0x0800286c   0x000000c4   Code   RO         2863    x$fpl$fadd          fz_ws.l(faddsub_clz.o)
    0x08002930   0x08002930   0x0000000c   Code   RO         2981    x$fpl$fcheck1       fz_ws.l(fcheck1.o)
    0x0800293c   0x0800293c   0x00000018   Code   RO         2983    x$fpl$fcmpinf       fz_ws.l(fcmpi.o)
    0x08002954   0x08002954   0x00000184   Code   RO         2870    x$fpl$fdiv          fz_ws.l(fdiv.o)
    0x08002ad8   0x08002ad8   0x00000036   Code   RO         2873    x$fpl$ffix          fz_ws.l(ffix.o)
    0x08002b0e   0x08002b0e   0x00000002   PAD
    0x08002b10   0x08002b10   0x00000030   Code   RO         2878    x$fpl$fflt          fz_ws.l(fflt_clz.o)
    0x08002b40   0x08002b40   0x00000026   Code   RO         2877    x$fpl$ffltu         fz_ws.l(fflt_clz.o)
    0x08002b66   0x08002b66   0x00000002   PAD
    0x08002b68   0x08002b68   0x00000068   Code   RO         2883    x$fpl$fleqf         fz_ws.l(fleqf.o)
    0x08002bd0   0x08002bd0   0x00000102   Code   RO         2885    x$fpl$fmul          fz_ws.l(fmul.o)
    0x08002cd2   0x08002cd2   0x0000008c   Code   RO         2985    x$fpl$fnaninf       fz_ws.l(fnaninf.o)
    0x08002d5e   0x08002d5e   0x0000000a   Code   RO         2987    x$fpl$fretinf       fz_ws.l(fretinf.o)
    0x08002d68   0x08002d68   0x00000062   Code   RO         2887    x$fpl$frleqf        fz_ws.l(frleqf.o)
    0x08002dca   0x08002dca   0x00000002   PAD
    0x08002dcc   0x08002dcc   0x00000060   Code   RO         2989    x$fpl$frnd          fz_ws.l(frnd.o)
    0x08002e2c   0x08002e2c   0x00000014   Code   RO         2864    x$fpl$frsb          fz_ws.l(faddsub_clz.o)
    0x08002e40   0x08002e40   0x00000110   Code   RO         2991    x$fpl$fsqrt         fz_ws.l(fsqrt.o)
    0x08002f50   0x08002f50   0x000000ea   Code   RO         2865    x$fpl$fsub          fz_ws.l(faddsub_clz.o)
    0x0800303a   0x0800303a   0x00000064   Code   RO         3037    x$fpl$retnan        fz_ws.l(retnan.o)
    0x0800309e   0x0800309e   0x0000005c   Code   RO         2889    x$fpl$scalbn        fz_ws.l(scalbn.o)
    0x080030fa   0x080030fa   0x0000004c   Code   RO         2891    x$fpl$scalbnf       fz_ws.l(scalbnf.o)
    0x08003146   0x08003146   0x00000030   Code   RO         3056    x$fpl$trapveneer    fz_ws.l(trapv.o)
    0x08003176   0x08003176   0x00000000   Code   RO         2993    x$fpl$usenofp       fz_ws.l(usenofp.o)
    0x08003176   0x08003176   0x00000012   Data   RO          940    .constdata          stm32f1xx_hal_rcc.o
    0x08003188   0x08003188   0x00000010   Data   RO         2704    .constdata          system_stm32f1xx.o
    0x08003198   0x08003198   0x00000040   Data   RO         2903    .constdata          m_ws.l(logf.o)
    0x080031d8   0x080031d8   0x00000020   Data   RO         3011    .constdata          m_ws.l(rredf.o)
    0x080031f8   0x080031f8   0x00000020   Data   RO         3129    Region$$Table       anon$$obj.o


    Execution Region RW_IRAM1 (Exec base: 0x20000000, Load base: 0x08003218, Size: 0x000008d8, Max: 0x0000c000, ABSOLUTE)

    Exec Addr    Load Addr    Size         Type   Attr      Idx    E Section Name        Object

    0x20000000   0x08003218   0x00000014   Data   RW           21    .data               main.o
    0x20000014   0x0800322c   0x0000000c   Data   RW          777    .data               stm32f1xx_hal.o
    0x20000020   0x08003238   0x00000004   Data   RW         2706    .data               system_stm32f1xx.o
    0x20000024   0x0800323c   0x00000004   Data   RW         2742    .data               bsp_dwt.o
    0x20000028   0x08003240   0x00000014   Data   RW         2780    .data               motor_simulationM3.lib(motor_simulation.o)
    0x2000003c        -       0x000000a0   Zero   RW           20    .bss                main.o
    0x200000dc        -       0x00000028   Zero   RW          217    .bss                can.o
    0x20000104        -       0x00000090   Zero   RW          263    .bss                tim.o
    0x20000194        -       0x000000e4   Zero   RW         2842    .bss                c_w.l(rand.o)
    0x20000278        -       0x00000060   Zero   RW         3040    .bss                c_w.l(libspace.o)
    0x200002d8        -       0x00000200   Zero   RW            2    HEAP                startup_stm32f103xe.o
    0x200004d8        -       0x00000400   Zero   RW            1    STACK               startup_stm32f103xe.o


==============================================================================

Image component sizes


      Code (inc. data)   RO Data    RW Data    ZI Data      Debug   Object Name

       104         28          0          4          0       1433   bsp_dwt.o
       232         20          0          0         40       1599   can.o
        44          6          0          0          0        743   gpio.o
       570         36          0         20        160     492687   main.o
        64         26        304          0       1536        792   startup_stm32f103xe.o
       164         28          0         12          0       6357   stm32f1xx_hal.o
       816          0          0          0          0       9383   stm32f1xx_hal_can.o
       198         14          0          0          0      28827   stm32f1xx_hal_cortex.o
       504         42          0          0          0       2240   stm32f1xx_hal_gpio.o
        76          8          0          0          0        842   stm32f1xx_hal_msp.o
      1176         60         18          0          0       3910   stm32f1xx_hal_rcc.o
      1568         58          0          0          0      13864   stm32f1xx_hal_tim.o
       212         20          0          0          0       3093   stm32f1xx_hal_tim_ex.o
       130         54          0          0          0       7896   stm32f1xx_it.o
         2          0         16          4          0       1059   system_stm32f1xx.o
       528         50          0          0        144       3427   tim.o

    ----------------------------------------------------------------------
      6406        450        370         40       1880     578152   Object Totals
         0          0         32          0          0          0   (incl. Generated)
        18          0          0          0          0          0   (incl. Padding)

    ----------------------------------------------------------------------

      Code (inc. data)   RO Data    RW Data    ZI Data      Debug   Library Member Name

         8          0          0          0          0         68   __main.o
         0          0          0          0          0          0   __rtentry.o
        12          0          0          0          0          0   __rtentry2.o
         6          0          0          0          0          0   __rtentry4.o
        52          8          0          0          0          0   __scatter.o
        26          0          0          0          0          0   __scatter_copy.o
        28          0          0          0          0          0   __scatter_zi.o
        22          0          0          0          0        100   _rserrno.o
        18          0          0          0          0         80   exit.o
         6          0          0          0          0        152   heapauxi.o
         0          0          0          0          0          0   indicate_semi.o
         2          0          0          0          0          0   libinit.o
         6          0          0          0          0          0   libinit2.o
         2          0          0          0          0          0   libshutdown.o
         2          0          0          0          0          0   libshutdown2.o
         8          4          0          0         96         68   libspace.o
       112         18          0          0        228        160   rand.o
         8          4          0          0          0         68   rt_errno_addr_intlibspace.o
        78          0          0          0          0         80   rt_memclr_w.o
         2          0          0          0          0          0   rtexit.o
        10          0          0          0          0          0   rtexit2.o
        12          4          0          0          0         68   sys_exit.o
        74          0          0          0          0         80   sys_stackheap_outer.o
         2          0          0          0          0         68   use_no_semi.o
        98          4          0          0          0         92   d2f.o
        16          4          0          0          0         68   dcheck1.o
        46          0          0          0          0         68   dflt_clz.o
       340         12          0          0          0        104   dmul.o
       156          4          0          0          0         92   dnaninf.o
        12          0          0          0          0         68   dretinf.o
        86          4          0          0          0         84   f2d.o
       450          8          0          0          0        236   faddsub_clz.o
        12          4          0          0          0         68   fcheck1.o
        24          0          0          0          0         68   fcmpi.o
       388         76          0          0          0         96   fdiv.o
        54          4          0          0          0         84   ffix.o
        86          0          0          0          0        136   fflt_clz.o
       104          4          0          0          0         84   fleqf.o
       258          4          0          0          0         84   fmul.o
       140          4          0          0          0         84   fnaninf.o
        10          0          0          0          0         68   fretinf.o
        98          0          0          0          0         68   frleqf.o
        96          4          0          0          0         76   frnd.o
       272        100          0          0          0         88   fsqrt.o
       100          0          0          0          0         68   retnan.o
        92          0          0          0          0         68   scalbn.o
        76          0          0          0          0         68   scalbnf.o
        48          0          0          0          0         68   trapv.o
         0          0          0          0          0          0   usenofp.o
       380         52          0          0          0        124   cosf.o
        38          0          0          0          0         68   fpclassifyf.o
        34          0          0          0          0        272   funder.o
       400         38         64          0          0        132   logf.o
       360         16         32          0          0         88   rredf.o
       392         54          0          0          0        124   sinf.o
        44          0          0          0          0         80   sqrtf.o
       724         64          0         20          0       5422   motor_simulation.o

    ----------------------------------------------------------------------
      5952        498         96         20        324       9390   Library Totals
        22          0          0          0          0          0   (incl. Padding)

    ----------------------------------------------------------------------

      Code (inc. data)   RO Data    RW Data    ZI Data      Debug   Library Name

       496         38          0          0        324        992   c_w.l
      3062        236          0          0          0       2088   fz_ws.l
      1648        160         96          0          0        888   m_ws.l
       724         64          0         20          0       5422   motor_simulationM3.lib

    ----------------------------------------------------------------------
      5952        498         96         20        324       9390   Library Totals

    ----------------------------------------------------------------------

==============================================================================


      Code (inc. data)   RO Data    RW Data    ZI Data      Debug   

     12358        948        466         60       2204     580466   Grand Totals
     12358        948        466         60       2204     580466   ELF Image Totals
     12358        948        466         60          0          0   ROM Totals

==============================================================================

    Total RO  Size (Code + RO Data)                12824 (  12.52kB)
    Total RW  Size (RW Data + ZI Data)              2264 (   2.21kB)
    Total ROM Size (Code + RO Data + RW Data)      12884 (  12.58kB)

==============================================================================

